Archive member included to satisfy reference by file (symbol)

C:/ST/STM32CubeIDE_2.1.1/STM32CubeIDE/plugins/com.st.stm32cube.ide.mcu.externaltools.gnu-tools-for-stm32.14.3.rel1.win32_1.0.100.202602081740/tools/bin/../lib/gcc/arm-none-eabi/14.3.1/../../../../arm-none-eabi/lib/thumb/v7e-m+fp/hard\libc_nano.a(libc_a-exit.o)
                              C:/ST/STM32CubeIDE_2.1.1/STM32CubeIDE/plugins/com.st.stm32cube.ide.mcu.externaltools.gnu-tools-for-stm32.14.3.rel1.win32_1.0.100.202602081740/tools/bin/../lib/gcc/arm-none-eabi/14.3.1/../../../../arm-none-eabi/lib/thumb/v7e-m+fp/hard/crt0.o (exit)
C:/ST/STM32CubeIDE_2.1.1/STM32CubeIDE/plugins/com.st.stm32cube.ide.mcu.externaltools.gnu-tools-for-stm32.14.3.rel1.win32_1.0.100.202602081740/tools/bin/../lib/gcc/arm-none-eabi/14.3.1/../../../../arm-none-eabi/lib/thumb/v7e-m+fp/hard\libc_nano.a(libc_a-nano-vfprintf_float.o)
                              (_printf_float)
C:/ST/STM32CubeIDE_2.1.1/STM32CubeIDE/plugins/com.st.stm32cube.ide.mcu.externaltools.gnu-tools-for-stm32.14.3.rel1.win32_1.0.100.202602081740/tools/bin/../lib/gcc/arm-none-eabi/14.3.1/../../../../arm-none-eabi/lib/thumb/v7e-m+fp/hard\libc_nano.a(libc_a-nano-vfprintf_i.o)
                              C:/ST/STM32CubeIDE_2.1.1/STM32CubeIDE/plugins/com.st.stm32cube.ide.mcu.externaltools.gnu-tools-for-stm32.14.3.rel1.win32_1.0.100.202602081740/tools/bin/../lib/gcc/arm-none-eabi/14.3.1/../../../../arm-none-eabi/lib/thumb/v7e-m+fp/hard\libc_nano.a(libc_a-nano-vfprintf_float.o) (_printf_common)
C:/ST/STM32CubeIDE_2.1.1/STM32CubeIDE/plugins/com.st.stm32cube.ide.mcu.externaltools.gnu-tools-for-stm32.14.3.rel1.win32_1.0.100.202602081740/tools/bin/../lib/gcc/arm-none-eabi/14.3.1/../../../../arm-none-eabi/lib/thumb/v7e-m+fp/hard\libc_nano.a(libc_a-findfp.o)
                              C:/ST/STM32CubeIDE_2.1.1/STM32CubeIDE/plugins/com.st.stm32cube.ide.mcu.externaltools.gnu-tools-for-stm32.14.3.rel1.win32_1.0.100.202602081740/tools/bin/../lib/gcc/arm-none-eabi/14.3.1/../../../../arm-none-eabi/lib/thumb/v7e-m+fp/hard\libc_nano.a(libc_a-exit.o) (__stdio_exit_handler)
C:/ST/STM32CubeIDE_2.1.1/STM32CubeIDE/plugins/com.st.stm32cube.ide.mcu.externaltools.gnu-tools-for-stm32.14.3.rel1.win32_1.0.100.202602081740/tools/bin/../lib/gcc/arm-none-eabi/14.3.1/../../../../arm-none-eabi/lib/thumb/v7e-m+fp/hard\libc_nano.a(libc_a-fwalk.o)
                              C:/ST/STM32CubeIDE_2.1.1/STM32CubeIDE/plugins/com.st.stm32cube.ide.mcu.externaltools.gnu-tools-for-stm32.14.3.rel1.win32_1.0.100.202602081740/tools/bin/../lib/gcc/arm-none-eabi/14.3.1/../../../../arm-none-eabi/lib/thumb/v7e-m+fp/hard\libc_nano.a(libc_a-findfp.o) (_fwalk_sglue)
C:/ST/STM32CubeIDE_2.1.1/STM32CubeIDE/plugins/com.st.stm32cube.ide.mcu.externaltools.gnu-tools-for-stm32.14.3.rel1.win32_1.0.100.202602081740/tools/bin/../lib/gcc/arm-none-eabi/14.3.1/../../../../arm-none-eabi/lib/thumb/v7e-m+fp/hard\libc_nano.a(libc_a-stdio.o)
                              C:/ST/STM32CubeIDE_2.1.1/STM32CubeIDE/plugins/com.st.stm32cube.ide.mcu.externaltools.gnu-tools-for-stm32.14.3.rel1.win32_1.0.100.202602081740/tools/bin/../lib/gcc/arm-none-eabi/14.3.1/../../../../arm-none-eabi/lib/thumb/v7e-m+fp/hard\libc_nano.a(libc_a-findfp.o) (__sread)
C:/ST/STM32CubeIDE_2.1.1/STM32CubeIDE/plugins/com.st.stm32cube.ide.mcu.externaltools.gnu-tools-for-stm32.14.3.rel1.win32_1.0.100.202602081740/tools/bin/../lib/gcc/arm-none-eabi/14.3.1/../../../../arm-none-eabi/lib/thumb/v7e-m+fp/hard\libc_nano.a(libc_a-memset.o)
                              C:/ST/STM32CubeIDE_2.1.1/STM32CubeIDE/plugins/com.st.stm32cube.ide.mcu.externaltools.gnu-tools-for-stm32.14.3.rel1.win32_1.0.100.202602081740/tools/bin/../lib/gcc/arm-none-eabi/14.3.1/../../../../arm-none-eabi/lib/thumb/v7e-m+fp/hard/crt0.o (memset)
C:/ST/STM32CubeIDE_2.1.1/STM32CubeIDE/plugins/com.st.stm32cube.ide.mcu.externaltools.gnu-tools-for-stm32.14.3.rel1.win32_1.0.100.202602081740/tools/bin/../lib/gcc/arm-none-eabi/14.3.1/../../../../arm-none-eabi/lib/thumb/v7e-m+fp/hard\libc_nano.a(libc_a-localeconv.o)
                              C:/ST/STM32CubeIDE_2.1.1/STM32CubeIDE/plugins/com.st.stm32cube.ide.mcu.externaltools.gnu-tools-for-stm32.14.3.rel1.win32_1.0.100.202602081740/tools/bin/../lib/gcc/arm-none-eabi/14.3.1/../../../../arm-none-eabi/lib/thumb/v7e-m+fp/hard\libc_nano.a(libc_a-nano-vfprintf_float.o) (_localeconv_r)
C:/ST/STM32CubeIDE_2.1.1/STM32CubeIDE/plugins/com.st.stm32cube.ide.mcu.externaltools.gnu-tools-for-stm32.14.3.rel1.win32_1.0.100.202602081740/tools/bin/../lib/gcc/arm-none-eabi/14.3.1/../../../../arm-none-eabi/lib/thumb/v7e-m+fp/hard\libc_nano.a(libc_a-closer.o)
                              C:/ST/STM32CubeIDE_2.1.1/STM32CubeIDE/plugins/com.st.stm32cube.ide.mcu.externaltools.gnu-tools-for-stm32.14.3.rel1.win32_1.0.100.202602081740/tools/bin/../lib/gcc/arm-none-eabi/14.3.1/../../../../arm-none-eabi/lib/thumb/v7e-m+fp/hard\libc_nano.a(libc_a-stdio.o) (_close_r)
[...]
Memory Configuration

Name             Origin             Length             Attributes
RAM              0x20000000         0x00020000         xrw
FLASH            0x08000000         0x00080000         xr
*default*        0x00000000         0xffffffff

Linker script and memory map

LOAD C:/ST/STM32CubeIDE_2.1.1/STM32CubeIDE/plugins/com.st.stm32cube.ide.mcu.externaltools.gnu-tools-for-stm32.14.3.rel1.win32_1.0.100.202602081740/tools/bin/../lib/gcc/arm-none-eabi/14.3.1/thumb/v7e-m+fp/hard/crti.o
LOAD C:/ST/STM32CubeIDE_2.1.1/STM32CubeIDE/plugins/com.st.stm32cube.ide.mcu.externaltools.gnu-tools-for-stm32.14.3.rel1.win32_1.0.100.202602081740/tools/bin/../lib/gcc/arm-none-eabi/14.3.1/thumb/v7e-m+fp/hard/crtbegin.o
LOAD C:/ST/STM32CubeIDE_2.1.1/STM32CubeIDE/plugins/com.st.stm32cube.ide.mcu.externaltools.gnu-tools-for-stm32.14.3.rel1.win32_1.0.100.202602081740/tools/bin/../lib/gcc/arm-none-eabi/14.3.1/../../../../arm-none-eabi/lib/thumb/v7e-m+fp/hard/crt0.o
LOAD ./Core/Src/as5600.o
LOAD ./Core/Src/communicationTask.o
LOAD ./Core/Src/dma.o
LOAD ./Core/Src/encoderTask.o
LOAD ./Core/Src/freertos.o
LOAD ./Core/Src/gpio.o
LOAD ./Core/Src/i2c.o
LOAD ./Core/Src/main.o
LOAD ./Core/Src/motorTask.o
LOAD ./Core/Src/protocol.o
LOAD ./Core/Src/servo.o
LOAD ./Core/Src/stepper.o
LOAD ./Core/Src/stm32f4xx_hal_msp.o
LOAD ./Core/Src/stm32f4xx_hal_timebase_tim.o
LOAD ./Core/Src/stm32f4xx_it.o
LOAD ./Core/Src/syscalls.o
LOAD ./Core/Src/sysmem.o
LOAD ./Core/Src/system_stm32f4xx.o
LOAD ./Core/Src/tim.o
LOAD ./Core/Src/uart_dma.o
LOAD ./Core/Src/usart.o
LOAD ./Core/Startup/startup_stm32f446retx.o
LOAD ./Drivers/BSP/STM32F4xx-Nucleo/stm32f4xx_nucleo.o
LOAD ./Drivers/STM32F4xx_HAL_Driver/Src/stm32f4xx_hal.o
LOAD ./Drivers/STM32F4xx_HAL_Driver/Src/stm32f4xx_hal_cortex.o
LOAD ./Drivers/STM32F4xx_HAL_Driver/Src/stm32f4xx_hal_dma.o
LOAD ./Drivers/STM32F4xx_HAL_Driver/Src/stm32f4xx_hal_dma_ex.o
LOAD ./Drivers/STM32F4xx_HAL_Driver/Src/stm32f4xx_hal_exti.o
LOAD ./Drivers/STM32F4xx_HAL_Driver/Src/stm32f4xx_hal_flash.o
LOAD ./Drivers/STM32F4xx_HAL_Driver/Src/stm32f4xx_hal_flash_ex.o
LOAD ./Drivers/STM32F4xx_HAL_Driver/Src/stm32f4xx_hal_flash_ramfunc.o
LOAD ./Drivers/STM32F4xx_HAL_Driver/Src/stm32f4xx_hal_gpio.o
LOAD ./Drivers/STM32F4xx_HAL_Driver/Src/stm32f4xx_hal_i2c.o
LOAD ./Drivers/STM32F4xx_HAL_Driver/Src/stm32f4xx_hal_i2c_ex.o
LOAD ./Drivers/STM32F4xx_HAL_Driver/Src/stm32f4xx_hal_pwr.o
LOAD ./Drivers/STM32F4xx_HAL_Driver/Src/stm32f4xx_hal_pwr_ex.o
LOAD ./Drivers/STM32F4xx_HAL_Driver/Src/stm32f4xx_hal_rcc.o
LOAD ./Drivers/STM32F4xx_HAL_Driver/Src/stm32f4xx_hal_rcc_ex.o
LOAD ./Drivers/STM32F4xx_HAL_Driver/Src/stm32f4xx_hal_tim.o
LOAD ./Drivers/STM32F4xx_HAL_Driver/Src/stm32f4xx_hal_tim_ex.o
LOAD ./Drivers/STM32F4xx_HAL_Driver/Src/stm32f4xx_hal_uart.o
LOAD ./Middlewares/Third_Party/FreeRTOS/Source/CMSIS_RTOS_V2/cmsis_os2.o
LOAD ./Middlewares/Third_Party/FreeRTOS/Source/croutine.o
LOAD ./Middlewares/Third_Party/FreeRTOS/Source/event_groups.o
LOAD ./Middlewares/Third_Party/FreeRTOS/Source/list.o
LOAD ./Middlewares/Third_Party/FreeRTOS/Source/queue.o
LOAD ./Middlewares/Third_Party/FreeRTOS/Source/stream_buffer.o
LOAD ./Middlewares/Third_Party/FreeRTOS/Source/tasks.o
LOAD ./Middlewares/Third_Party/FreeRTOS/Source/timers.o
LOAD ./Middlewares/Third_Party/FreeRTOS/Source/portable/GCC/ARM_CM4F/port.o
LOAD ./Middlewares/Third_Party/FreeRTOS/Source/portable/MemMang/heap_4.o
START GROUP
LOAD C:/ST/STM32CubeIDE_2.1.1/STM32CubeIDE/plugins/com.st.stm32cube.ide.mcu.externaltools.gnu-tools-for-stm32.14.3.rel1.win32_1.0.100.202602081740/tools/bin/../lib/gcc/arm-none-eabi/14.3.1/../../../../arm-none-eabi/lib/thumb/v7e-m+fp/hard\libc_nano.a
LOAD C:/ST/STM32CubeIDE_2.1.1/STM32CubeIDE/plugins/com.st.stm32cube.ide.mcu.externaltools.gnu-tools-for-stm32.14.3.rel1.win32_1.0.100.202602081740/tools/bin/../lib/gcc/arm-none-eabi/14.3.1/../../../../arm-none-eabi/lib/thumb/v7e-m+fp/hard\libm.a
END GROUP
START GROUP
LOAD C:/ST/STM32CubeIDE_2.1.1/STM32CubeIDE/plugins/com.st.stm32cube.ide.mcu.externaltools.gnu-tools-for-stm32.14.3.rel1.win32_1.0.100.202602081740/tools/bin/../lib/gcc/arm-none-eabi/14.3.1/thumb/v7e-m+fp/hard\libgcc.a
LOAD C:/ST/STM32CubeIDE_2.1.1/STM32CubeIDE/plugins/com.st.stm32cube.ide.mcu.externaltools.gnu-tools-for-stm32.14.3.rel1.win32_1.0.100.202602081740/tools/bin/../lib/gcc/arm-none-eabi/14.3.1/../../../../arm-none-eabi/lib/thumb/v7e-m+fp/hard\libc_nano.a
END GROUP
START GROUP
LOAD C:/ST/STM32CubeIDE_2.1.1/STM32CubeIDE/plugins/com.st.stm32cube.ide.mcu.externaltools.gnu-tools-for-stm32.14.3.rel1.win32_1.0.100.202602081740/tools/bin/../lib/gcc/arm-none-eabi/14.3.1/thumb/v7e-m+fp/hard\libgcc.a
LOAD C:/ST/STM32CubeIDE_2.1.1/STM32CubeIDE/plugins/com.st.stm32cube.ide.mcu.externaltools.gnu-tools-for-stm32.14.3.rel1.win32_1.0.100.202602081740/tools/bin/../lib/gcc/arm-none-eabi/14.3.1/../../../../arm-none-eabi/lib/thumb/v7e-m+fp/hard\libc_nano.a
LOAD C:/ST/STM32CubeIDE_2.1.1/STM32CubeIDE/plugins/com.st.stm32cube.ide.mcu.externaltools.gnu-tools-for-stm32.14.3.rel1.win32_1.0.100.202602081740/tools/bin/../lib/gcc/arm-none-eabi/14.3.1/../../../../arm-none-eabi/lib/thumb/v7e-m+fp/hard\libnosys.a
END GROUP
START GROUP
LOAD C:/ST/STM32CubeIDE_2.1.1/STM32CubeIDE/plugins/com.st.stm32cube.ide.mcu.externaltools.gnu-tools-for-stm32.14.3.rel1.win32_1.0.100.202602081740/tools/bin/../lib/gcc/arm-none-eabi/14.3.1/thumb/v7e-m+fp/hard\libgcc.a
LOAD C:/ST/STM32CubeIDE_2.1.1/STM32CubeIDE/plugins/com.st.stm32cube.ide.mcu.externaltools.gnu-tools-for-stm32.14.3.rel1.win32_1.0.100.202602081740/tools/bin/../lib/gcc/arm-none-eabi/14.3.1/../../../../arm-none-eabi/lib/thumb/v7e-m+fp/hard\libc_nano.a
LOAD C:/ST/STM32CubeIDE_2.1.1/STM32CubeIDE/plugins/com.st.stm32cube.ide.mcu.externaltools.gnu-tools-for-stm32.14.3.rel1.win32_1.0.100.202602081740/tools/bin/../lib/gcc/arm-none-eabi/14.3.1/../../../../arm-none-eabi/lib/thumb/v7e-m+fp/hard\libnosys.a
END GROUP
LOAD C:/ST/STM32CubeIDE_2.1.1/STM32CubeIDE/plugins/com.st.stm32cube.ide.mcu.externaltools.gnu-tools-for-stm32.14.3.rel1.win32_1.0.100.202602081740/tools/bin/../lib/gcc/arm-none-eabi/14.3.1/thumb/v7e-m+fp/hard/crtend.o
LOAD C:/ST/STM32CubeIDE_2.1.1/STM32CubeIDE/plugins/com.st.stm32cube.ide.mcu.externaltools.gnu-tools-for-stm32.14.3.rel1.win32_1.0.100.202602081740/tools/bin/../lib/gcc/arm-none-eabi/14.3.1/thumb/v7e-m+fp/hard/crtn.o
                0x20020000                        _estack = (ORIGIN (RAM) + LENGTH (RAM))
                0x00000200                        _Min_Heap_Size = 0x200
                0x00000400                        _Min_Stack_Size = 0x400

.isr_vector     0x08000000      0x1c4
                0x08000000                        . = ALIGN (0x4)
 *(.isr_vector)
 .isr_vector    0x08000000      0x1c4 ./Core/Startup/startup_stm32f446retx.o
                0x08000000                g_pfnVectors
                0x080001c4                        . = ALIGN (0x4)

.text           0x080001d0     0xe3e0
                0x080001d0                        . = ALIGN (0x4)
 *(.text)
 .text          0x080001d0       0x40 C:/ST/STM32CubeIDE_2.1.1/STM32CubeIDE/plugins/com.st.stm32cube.ide.mcu.externaltools.gnu-tools-for-stm32.14.3.rel1.win32_1.0.100.202602081740/tools/bin/../lib/gcc/arm-none-eabi/14.3.1/thumb/v7e-m+fp/hard/crtbegin.o
 .text          0x08000210       0xa0 C:/ST/STM32CubeIDE_2.1.1/STM32CubeIDE/plugins/com.st.stm32cube.ide.mcu.externaltools.gnu-tools-for-stm32.14.3.rel1.win32_1.0.100.202602081740/tools/bin/../lib/gcc/arm-none-eabi/14.3.1/../../../../arm-none-eabi/lib/thumb/v7e-m+fp/hard\libc_nano.a(libc_a-memchr.o)
                0x08000210                memchr
 .text          0x080002b0       0x10 C:/ST/STM32CubeIDE_2.1.1/STM32CubeIDE/plugins/com.st.stm32cube.ide.mcu.externaltools.gnu-tools-for-stm32.14.3.rel1.win32_1.0.100.202602081740/tools/bin/../lib/gcc/arm-none-eabi/14.3.1/../../../../arm-none-eabi/lib/thumb/v7e-m+fp/hard\libc_nano.a(libc_a-strlen.o)
                0x080002b0                strlen
 .text          0x080002c0      0x378 C:/ST/STM32CubeIDE_2.1.1/STM32CubeIDE/plugins/com.st.stm32cube.ide.mcu.externaltools.gnu-tools-for-stm32.14.3.rel1.win32_1.0.100.202602081740/tools/bin/../lib/gcc/arm-none-eabi/14.3.1/thumb/v7e-m+fp/hard\libgcc.a(_arm_addsubdf3.o)
                0x080002c0                __aeabi_drsub
                0x080002c8                __aeabi_dsub
                0x080002c8                __subdf3
                0x080002cc                __aeabi_dadd
                0x080002cc                __adddf3
                0x08000544                __floatunsidf
                0x08000544                __aeabi_ui2d
                0x08000564                __floatsidf
                0x08000564                __aeabi_i2d
                0x08000588                __aeabi_f2d
                0x08000588                __extendsfdf2
                0x080005cc                __floatundidf
                0x080005cc                __aeabi_ul2d
                0x080005dc                __floatdidf
                0x080005dc                __aeabi_l2d
 .text          0x08000638      0x424 C:/ST/STM32CubeIDE_2.1.1/STM32CubeIDE/plugins/com.st.stm32cube.ide.mcu.externaltools.gnu-tools-for-stm32.14.3.rel1.win32_1.0.100.202602081740/tools/bin/../lib/gcc/arm-none-eabi/14.3.1/thumb/v7e-m+fp/hard\libgcc.a(_arm_muldivdf3.o)
                0x08000638                __aeabi_dmul
                0x08000638                __muldf3
                0x0800088c                __divdf3
                0x0800088c                __aeabi_ddiv
 .text          0x08000a5c      0x110 C:/ST/STM32CubeIDE_2.1.1/STM32CubeIDE/plugins/com.st.stm32cube.ide.mcu.externaltools.gnu-tools-for-stm32.14.3.rel1.win32_1.0.100.202602081740/tools/bin/../lib/gcc/arm-none-eabi/14.3.1/thumb/v7e-m+fp/hard\libgcc.a(_arm_cmpdf2.o)
                0x08000a5c                __gtdf2
                0x08000a5c                __gedf2
                0x08000a64                __ltdf2
                0x08000a64                __ledf2
                0x08000a6c                __nedf2
                0x08000a6c                __eqdf2
                0x08000a6c                __cmpdf2
                0x08000ae8                __aeabi_cdrcmple
                0x08000af8                __aeabi_cdcmpeq
                0x08000af8                __aeabi_cdcmple
                0x08000b08                __aeabi_dcmpeq
                0x08000b1c                __aeabi_dcmplt
                0x08000b30                __aeabi_dcmple
                0x08000b44                __aeabi_dcmpge
                0x08000b58                __aeabi_dcmpgt
 .text          0x08000b6c       0x2c C:/ST/STM32CubeIDE_2.1.1/STM32CubeIDE/plugins/com.st.stm32cube.ide.mcu.externaltools.gnu-tools-for-stm32.14.3.rel1.win32_1.0.100.202602081740/tools/bin/../lib/gcc/arm-none-eabi/14.3.1/thumb/v7e-m+fp/hard\libgcc.a(_arm_unorddf2.o)
                0x08000b6c                __unorddf2
                0x08000b6c                __aeabi_dcmpun
 .text          0x08000b98       0x50 C:/ST/STM32CubeIDE_2.1.1/STM32CubeIDE/plugins/com.st.stm32cube.ide.mcu.externaltools.gnu-tools-for-stm32.14.3.rel1.win32_1.0.100.202602081740/tools/bin/../lib/gcc/arm-none-eabi/14.3.1/thumb/v7e-m+fp/hard\libgcc.a(_arm_fixdfsi.o)
                0x08000b98                __aeabi_d2iz
                0x08000b98                __fixdfsi
 .text          0x08000be8       0x30 C:/ST/STM32CubeIDE_2.1.1/STM32CubeIDE/plugins/com.st.stm32cube.ide.mcu.externaltools.gnu-tools-for-stm32.14.3.rel1.win32_1.0.100.202602081740/tools/bin/../lib/gcc/arm-none-eabi/14.3.1/thumb/v7e-m+fp/hard\libgcc.a(_aeabi_uldivmod.o)
                0x08000be8                __aeabi_uldivmod
 .text          0x08000c18      0x2f8 C:/ST/STM32CubeIDE_2.1.1/STM32CubeIDE/plugins/com.st.stm32cube.ide.mcu.externaltools.gnu-tools-for-stm32.14.3.rel1.win32_1.0.100.202602081740/tools/bin/../lib/gcc/arm-none-eabi/14.3.1/thumb/v7e-m+fp/hard\libgcc.a(_udivmoddi4.o)
                0x08000c18                __udivmoddi4
 .text          0x08000f10        0x4 C:/ST/STM32CubeIDE_2.1.1/STM32CubeIDE/plugins/com.st.stm32cube.ide.mcu.externaltools.gnu-tools-for-stm32.14.3.rel1.win32_1.0.100.202602081740/tools/bin/../lib/gcc/arm-none-eabi/14.3.1/thumb/v7e-m+fp/hard\libgcc.a(_dvmd_tls.o)
                0x08000f10                __aeabi_idiv0
                0x08000f10                __aeabi_ldiv0
 *(.text*)
 .text.AS5600_ReadRawAngle
                0x08000f14       0x70 ./Core/Src/as5600.o
                0x08000f14                AS5600_ReadRawAngle
 .text.AS5600_ReadAngleDeg
                0x08000f84       0x5c ./Core/Src/as5600.o
                0x08000f84                AS5600_ReadAngleDeg
 .text.Communication_CommandTypeToMsgId
                0x08000fe0       0x48 ./Core/Src/communicationTask.o
 .text.Communication_SendError
                0x08001028       0x54 ./Core/Src/communicationTask.o
 .text.Communication_SendReady
                0x0800107c       0x48 ./Core/Src/communicationTask.o
 .text.Protocol_ReadInt16BigEndian
                0x080010c4       0x30 ./Core/Src/communicationTask.o
 .text.Communication_SendAck
                0x080010f4       0x54 ./Core/Src/communicationTask.o
 .text.Communication_WriteInt16BigEndian
                0x08001148       0x3a ./Core/Src/communicationTask.o
 .text.Communication_DegreeToX10
                0x08001182       0x64 ./Core/Src/communicationTask.o
 *fill*         0x080011e6        0x2 
 .text.Communication_SendCurrentAngle
                0x080011e8       0x9c ./Core/Src/communicationTask.o
 .text.Communication_SendCurrentCommandAngles
                0x08001284       0xd0 ./Core/Src/communicationTask.o
 .text.StartCommunicationTask
                0x08001354      0x424 ./Core/Src/communicationTask.o
                0x08001354                StartCommunicationTask
 .text.MX_DMA_Init
                0x08001778       0x8c ./Core/Src/dma.o
                0x08001778                MX_DMA_Init
 .text.Encoder_CalculateRelativeAngle
                0x08001804       0x84 ./Core/Src/encoderTask.o
 .text.StartEncoderTask
                0x08001888       0x98 ./Core/Src/encoderTask.o
                0x08001888                StartEncoderTask
 .text.MX_FREERTOS_Init
                0x08001920      0x12c ./Core/Src/freertos.o
                0x08001920                MX_FREERTOS_Init
 .text.StartDefaultTask
                0x08001a4c       0x12 ./Core/Src/freertos.o
                0x08001a4c                StartDefaultTask
 *fill*         0x08001a5e        0x2 
 .text.MX_GPIO_Init
                0x08001a60       0xe8 ./Core/Src/gpio.o
                0x08001a60                MX_GPIO_Init
 .text.MX_I2C1_Init
                0x08001b48       0x5c ./Core/Src/i2c.o
                0x08001b48                MX_I2C1_Init
 .text.HAL_I2C_MspInit
                0x08001ba4       0x90 ./Core/Src/i2c.o
                0x08001ba4                HAL_I2C_MspInit
 .text.main     0x08001c34       0x46 ./Core/Src/main.o
                0x08001c34                main
 *fill*         0x08001c7a        0x2 
 .text.SystemClock_Config
                0x08001c7c       0xe8 ./Core/Src/main.o
                0x08001c7c                SystemClock_Config
 .text.HAL_TIM_PeriodElapsedCallback
                0x08001d64       0x24 ./Core/Src/main.o
                0x08001d64                HAL_TIM_PeriodElapsedCallback
 .text.Error_Handler
                0x08001d88        0xc ./Core/Src/main.o
                0x08001d88                Error_Handler
 .text.Motor_AbsFloat
                0x08001d94       0x34 ./Core/Src/motorTask.o
 .text.Motor_GetStableTheta1Angle
                0x08001dc8      0x110 ./Core/Src/motorTask.o
 .text.Motor_CorrectTheta1Position
                0x08001ed8      0x18c ./Core/Src/motorTask.o
 .text.Motor_IsEncoderReady
                0x08002064       0x24 ./Core/Src/motorTask.o
 .text.Motor_Init
                0x08002088       0x70 ./Core/Src/motorTask.o
 .text.Motor_IsAngleInRange
                0x080020f8       0xcc ./Core/Src/motorTask.o
 .text.Motor_ReportError
                0x080021c4       0x3c ./Core/Src/motorTask.o
 .text.Motor_ReportCommandDone
                0x08002200       0x44 ./Core/Src/motorTask.o
 .text.Motor_CheckTarget
                0x08002244       0x7c ./Core/Src/motorTask.o
 .text.Motor_GetCommandedAngles
                0x080022c0       0x50 ./Core/Src/motorTask.o
                0x080022c0                Motor_GetCommandedAngles
 .text.StartMotorTask
                0x08002310      0x5d4 ./Core/Src/motorTask.o
                0x08002310                StartMotorTask
 .text.Protocol_CalculateChecksum
                0x080028e4       0x54 ./Core/Src/protocol.o
                0x080028e4                Protocol_CalculateChecksum
 .text.Protocol_BuildFrame
                0x08002938       0xb2 ./Core/Src/protocol.o
                0x08002938                Protocol_BuildFrame
 .text.Protocol_RxParserInit
                0x080029ea       0x16 ./Core/Src/protocol.o
                0x080029ea                Protocol_RxParserInit
 .text.Protocol_RxParserReset
                0x08002a00       0x4a ./Core/Src/protocol.o
                0x08002a00                Protocol_RxParserReset
 *fill*         0x08002a4a        0x2 
 .text.Protocol_RxProcessByte
                0x08002a4c      0x100 ./Core/Src/protocol.o
                0x08002a4c                Protocol_RxProcessByte
 .text.Protocol_RxDecodeMessage
                0x08002b4c       0x96 ./Core/Src/protocol.o
                0x08002b4c                Protocol_RxDecodeMessage
 *fill*         0x08002be2        0x2 
 .text.Servo_MoveToward
                0x08002be4       0x98 ./Core/Src/servo.o
 .text.Servo_AngleToPulse
                0x08002c7c       0xa0 ./Core/Src/servo.o
                0x08002c7c                Servo_AngleToPulse
 .text.Servo_Init
                0x08002d1c       0x5c ./Core/Src/servo.o
                0x08002d1c                Servo_Init
 .text.Servo_SetAngle
                0x08002d78       0xc8 ./Core/Src/servo.o
                0x08002d78                Servo_SetAngle
 .text.Servo_MoveSmooth
                0x08002e40      0x100 ./Core/Src/servo.o
                0x08002e40                Servo_MoveSmooth
 .text.Stepper_SetDirection
                0x08002f40       0x34 ./Core/Src/stepper.o
 .text.Stepper_Enable
                0x08002f74       0x18 ./Core/Src/stepper.o
                0x08002f74                Stepper_Enable
 .text.Stepper_Disable
                0x08002f8c       0x18 ./Core/Src/stepper.o
                0x08002f8c                Stepper_Disable
 .text.Stepper_AngleToSteps
                0x08002fa4       0x5c ./Core/Src/stepper.o
                0x08002fa4                Stepper_AngleToSteps
 .text.Stepper_HandlePulseFinished
                0x08003000       0x60 ./Core/Src/stepper.o
                0x08003000                Stepper_HandlePulseFinished
 .text.Stepper_MoveRelative
                0x08003060       0xe0 ./Core/Src/stepper.o
                0x08003060                Stepper_MoveRelative
 .text.HAL_TIM_PWM_PulseFinishedCallback
                0x08003140       0x2c ./Core/Src/stepper.o
                0x08003140                HAL_TIM_PWM_PulseFinishedCallback
 .text.Stepper_Init
                0x0800316c       0x2c ./Core/Src/stepper.o
                0x0800316c                Stepper_Init
 .text.Stepper_IsBusy
                0x08003198       0x18 ./Core/Src/stepper.o
                0x08003198                Stepper_IsBusy
 .text.HAL_MspInit
                0x080031b0       0x58 ./Core/Src/stm32f4xx_hal_msp.o
                0x080031b0                HAL_MspInit
 .text.HAL_InitTick
                0x08003208       0xf8 ./Core/Src/stm32f4xx_hal_timebase_tim.o
                0x08003208                HAL_InitTick
 .text.NMI_Handler
                0x08003300        0x8 ./Core/Src/stm32f4xx_it.o
                0x08003300                NMI_Handler
 .text.HardFault_Handler
                0x08003308        0x8 ./Core/Src/stm32f4xx_it.o
                0x08003308                HardFault_Handler
 .text.MemManage_Handler
                0x08003310        0x8 ./Core/Src/stm32f4xx_it.o
                0x08003310                MemManage_Handler
 .text.BusFault_Handler
                0x08003318        0x8 ./Core/Src/stm32f4xx_it.o
                0x08003318                BusFault_Handler
 .text.UsageFault_Handler
                0x08003320        0x8 ./Core/Src/stm32f4xx_it.o
                0x08003320                UsageFault_Handler
 .text.DebugMon_Handler
                0x08003328        0xe ./Core/Src/stm32f4xx_it.o
                0x08003328                DebugMon_Handler
 .text.EXTI2_IRQHandler
                0x08003336        0xe ./Core/Src/stm32f4xx_it.o
                0x08003336                EXTI2_IRQHandler
 .text.DMA1_Stream5_IRQHandler
                0x08003344       0x14 ./Core/Src/stm32f4xx_it.o
                0x08003344                DMA1_Stream5_IRQHandler
 .text.DMA1_Stream6_IRQHandler
                0x08003358       0x14 ./Core/Src/stm32f4xx_it.o
                0x08003358                DMA1_Stream6_IRQHandler
 .text.TIM3_IRQHandler
                0x0800336c       0x14 ./Core/Src/stm32f4xx_it.o
                0x0800336c                TIM3_IRQHandler
 .text.USART1_IRQHandler
                0x08003380       0x14 ./Core/Src/stm32f4xx_it.o
                0x08003380                USART1_IRQHandler
 .text.USART2_IRQHandler
                0x08003394       0x14 ./Core/Src/stm32f4xx_it.o
                0x08003394                USART2_IRQHandler
 .text.EXTI15_10_IRQHandler
                0x080033a8       0x10 ./Core/Src/stm32f4xx_it.o
                0x080033a8                EXTI15_10_IRQHandler
 .text.TIM6_DAC_IRQHandler
                0x080033b8       0x14 ./Core/Src/stm32f4xx_it.o
                0x080033b8                TIM6_DAC_IRQHandler
 .text.DMA2_Stream2_IRQHandler
                0x080033cc       0x14 ./Core/Src/stm32f4xx_it.o
                0x080033cc                DMA2_Stream2_IRQHandler
 .text.DMA2_Stream7_IRQHandler
                0x080033e0       0x14 ./Core/Src/stm32f4xx_it.o
                0x080033e0                DMA2_Stream7_IRQHandler
 .text._getpid  0x080033f4       0x10 ./Core/Src/syscalls.o
                0x080033f4                _getpid
 .text._kill    0x08003404       0x20 ./Core/Src/syscalls.o
                0x08003404                _kill
 .text._exit    0x08003424       0x16 ./Core/Src/syscalls.o
                0x08003424                _exit
 .text._read    0x0800343a       0x3a ./Core/Src/syscalls.o
                0x0800343a                _read
 .text._write   0x08003474       0x38 ./Core/Src/syscalls.o
                0x08003474                _write
 .text._close   0x080034ac       0x18 ./Core/Src/syscalls.o
                0x080034ac                _close
 .text._fstat   0x080034c4       0x20 ./Core/Src/syscalls.o
                0x080034c4                _fstat
 .text._isatty  0x080034e4       0x16 ./Core/Src/syscalls.o
                0x080034e4                _isatty
 .text._lseek   0x080034fa       0x1a ./Core/Src/syscalls.o
                0x080034fa                _lseek
 .text._sbrk    0x08003514       0x6c ./Core/Src/sysmem.o
                0x08003514                _sbrk
 .text.SystemInit
                0x08003580       0x24 ./Core/Src/system_stm32f4xx.o
                0x08003580                SystemInit
 .text.MX_TIM3_Init
                0x080035a4       0xb4 ./Core/Src/tim.o
                0x080035a4                MX_TIM3_Init
 .text.MX_TIM4_Init
                0x08003658       0xcc ./Core/Src/tim.o
                0x08003658                MX_TIM4_Init
 .text.HAL_TIM_PWM_MspInit
                0x08003724       0x7c ./Core/Src/tim.o
                0x08003724                HAL_TIM_PWM_MspInit
 .text.HAL_TIM_MspPostInit
                0x080037a0       0xc4 ./Core/Src/tim.o
                0x080037a0                HAL_TIM_MspPostInit
 .text.UartDma_StartReceive
                0x08003864       0x40 ./Core/Src/uart_dma.o
                0x08003864                UartDma_StartReceive
 .text.HAL_UARTEx_RxEventCallback
                0x080038a4       0x6c ./Core/Src/uart_dma.o
                0x080038a4                HAL_UARTEx_RxEventCallback
 .text.UartDma_QueueTransmit
                0x08003910       0x60 ./Core/Src/uart_dma.o
                0x08003910                UartDma_QueueTransmit
 .text.UartDma_ProcessTransmit
                0x08003970       0x60 ./Core/Src/uart_dma.o
                0x08003970                UartDma_ProcessTransmit
 .text.HAL_UART_TxCpltCallback
                0x080039d0       0x2c ./Core/Src/uart_dma.o
                0x080039d0                HAL_UART_TxCpltCallback
 .text.MX_USART1_UART_Init
                0x080039fc       0x54 ./Core/Src/usart.o
                0x080039fc                MX_USART1_UART_Init
 .text.MX_USART2_UART_Init
                0x08003a50       0x54 ./Core/Src/usart.o
                0x08003a50                MX_USART2_UART_Init
 .text.HAL_UART_MspInit
                0x08003aa4      0x2b4 ./Core/Src/usart.o
                0x08003aa4                HAL_UART_MspInit
 .text.Reset_Handler
                0x08003d58       0x50 ./Core/Startup/startup_stm32f446retx.o
                0x08003d58                Reset_Handler
 .text.Default_Handler
                0x08003da8        0x2 ./Core/Startup/startup_stm32f446retx.o
                0x08003da8                RTC_Alarm_IRQHandler
                0x08003da8                TIM8_CC_IRQHandler
                0x08003da8                FMPI2C1_EV_IRQHandler
                0x08003da8                SPI4_IRQHandler
                0x08003da8                TIM1_CC_IRQHandler
                0x08003da8                DMA2_Stream5_IRQHandler
                0x08003da8                PVD_IRQHandler
                0x08003da8                SDIO_IRQHandler
                0x08003da8                TAMP_STAMP_IRQHandler
                0x08003da8                CAN2_RX1_IRQHandler
                0x08003da8                EXTI3_IRQHandler
                0x08003da8                TIM8_TRG_COM_TIM14_IRQHandler
                0x08003da8                TIM1_UP_TIM10_IRQHandler
                0x08003da8                TIM8_UP_TIM13_IRQHandler
                0x08003da8                I2C3_ER_IRQHandler
                0x08003da8                EXTI0_IRQHandler
                0x08003da8                I2C2_EV_IRQHandler
                0x08003da8                DMA1_Stream2_IRQHandler
                0x08003da8                CAN1_RX0_IRQHandler
                0x08003da8                FPU_IRQHandler
                0x08003da8                OTG_HS_WKUP_IRQHandler
                0x08003da8                CAN2_SCE_IRQHandler
                0x08003da8                SPI1_IRQHandler
                0x08003da8                TIM1_BRK_TIM9_IRQHandler
                0x08003da8                DCMI_IRQHandler
                0x08003da8                CAN2_RX0_IRQHandler
                0x08003da8                DMA2_Stream3_IRQHandler
                0x08003da8                SAI2_IRQHandler
                0x08003da8                USART6_IRQHandler
                0x08003da8                USART3_IRQHandler
                0x08003da8                CAN1_RX1_IRQHandler
                0x08003da8                UART5_IRQHandler
                0x08003da8                DMA2_Stream0_IRQHandler
                0x08003da8                TIM4_IRQHandler
                0x08003da8                QUADSPI_IRQHandler
                0x08003da8                I2C1_EV_IRQHandler
                0x08003da8                DMA1_Stream1_IRQHandler
                0x08003da8                UART4_IRQHandler
                0x08003da8                RCC_IRQHandler
                0x08003da8                TIM8_BRK_TIM12_IRQHandler
                0x08003da8                Default_Handler
                0x08003da8                CEC_IRQHandler
                0x08003da8                ADC_IRQHandler
                0x08003da8                DMA1_Stream7_IRQHandler
                0x08003da8                TIM7_IRQHandler
                0x08003da8                CAN2_TX_IRQHandler
                0x08003da8                TIM5_IRQHandler
                0x08003da8                I2C3_EV_IRQHandler
                0x08003da8                EXTI9_5_IRQHandler
                0x08003da8                RTC_WKUP_IRQHandler
                0x08003da8                SPDIF_RX_IRQHandler
                0x08003da8                SPI2_IRQHandler
                0x08003da8                OTG_HS_EP1_IN_IRQHandler
                0x08003da8                DMA1_Stream0_IRQHandler
                0x08003da8                CAN1_TX_IRQHandler
                0x08003da8                FMPI2C1_ER_IRQHandler
                0x08003da8                EXTI4_IRQHandler
                0x08003da8                OTG_HS_EP1_OUT_IRQHandler
                0x08003da8                WWDG_IRQHandler
                0x08003da8                TIM2_IRQHandler
                0x08003da8                OTG_FS_WKUP_IRQHandler
                0x08003da8                TIM1_TRG_COM_TIM11_IRQHandler
                0x08003da8                OTG_HS_IRQHandler
                0x08003da8                EXTI1_IRQHandler
                0x08003da8                I2C2_ER_IRQHandler
                0x08003da8                DMA2_Stream1_IRQHandler
                0x08003da8                CAN1_SCE_IRQHandler
                0x08003da8                FLASH_IRQHandler
                0x08003da8                DMA2_Stream4_IRQHandler
                0x08003da8                OTG_FS_IRQHandler
                0x08003da8                SPI3_IRQHandler
                0x08003da8                DMA1_Stream4_IRQHandler
                0x08003da8                I2C1_ER_IRQHandler
                0x08003da8                FMC_IRQHandler
                0x08003da8                DMA2_Stream6_IRQHandler
                0x08003da8                SAI1_IRQHandler
                0x08003da8                DMA1_Stream3_IRQHandler
 *fill*         0x08003daa        0x2 
 .text.BSP_LED_Init
                0x08003dac       0x6c ./Drivers/BSP/STM32F4xx-Nucleo/stm32f4xx_nucleo.o
                0x08003dac                BSP_LED_Init
 .text.BSP_PB_Init
                0x08003e18       0xac ./Drivers/BSP/STM32F4xx-Nucleo/stm32f4xx_nucleo.o
                0x08003e18                BSP_PB_Init
 .text.HAL_Init
                0x08003ec4       0x44 ./Drivers/STM32F4xx_HAL_Driver/Src/stm32f4xx_hal.o
                0x08003ec4                HAL_Init
 .text.HAL_IncTick
                0x08003f08       0x28 ./Drivers/STM32F4xx_HAL_Driver/Src/stm32f4xx_hal.o
                0x08003f08                HAL_IncTick
 .text.HAL_GetTick
                0x08003f30       0x18 ./Drivers/STM32F4xx_HAL_Driver/Src/stm32f4xx_hal.o
                0x08003f30                HAL_GetTick
 .text.__NVIC_SetPriorityGrouping
                0x08003f48       0x48 ./Drivers/STM32F4xx_HAL_Driver/Src/stm32f4xx_hal_cortex.o
 .text.__NVIC_GetPriorityGrouping
                0x08003f90       0x1c ./Drivers/STM32F4xx_HAL_Driver/Src/stm32f4xx_hal_cortex.o
 .text.__NVIC_EnableIRQ
                0x08003fac       0x3c ./Drivers/STM32F4xx_HAL_Driver/Src/stm32f4xx_hal_cortex.o
 .text.__NVIC_SetPriority
                0x08003fe8       0x54 ./Drivers/STM32F4xx_HAL_Driver/Src/stm32f4xx_hal_cortex.o
 .text.NVIC_EncodePriority
                0x0800403c       0x66 ./Drivers/STM32F4xx_HAL_Driver/Src/stm32f4xx_hal_cortex.o
 .text.HAL_NVIC_SetPriorityGrouping
                0x080040a2       0x16 ./Drivers/STM32F4xx_HAL_Driver/Src/stm32f4xx_hal_cortex.o
                0x080040a2                HAL_NVIC_SetPriorityGrouping
 .text.HAL_NVIC_SetPriority
                0x080040b8       0x38 ./Drivers/STM32F4xx_HAL_Driver/Src/stm32f4xx_hal_cortex.o
                0x080040b8                HAL_NVIC_SetPriority
 .text.HAL_NVIC_EnableIRQ
                0x080040f0       0x1c ./Drivers/STM32F4xx_HAL_Driver/Src/stm32f4xx_hal_cortex.o
                0x080040f0                HAL_NVIC_EnableIRQ
 .text.HAL_DMA_Init
                0x0800410c      0x15c ./Drivers/STM32F4xx_HAL_Driver/Src/stm32f4xx_hal_dma.o
                0x0800410c                HAL_DMA_Init
 .text.HAL_DMA_Start_IT
                0x08004268       0xb0 ./Drivers/STM32F4xx_HAL_Driver/Src/stm32f4xx_hal_dma.o
                0x08004268                HAL_DMA_Start_IT
 .text.HAL_DMA_Abort
                0x08004318       0xe0 ./Drivers/STM32F4xx_HAL_Driver/Src/stm32f4xx_hal_dma.o
                0x08004318                HAL_DMA_Abort
 .text.HAL_DMA_Abort_IT
                0x080043f8       0x44 ./Drivers/STM32F4xx_HAL_Driver/Src/stm32f4xx_hal_dma.o
                0x080043f8                HAL_DMA_Abort_IT
 .text.HAL_DMA_IRQHandler
                0x0800443c      0x314 ./Drivers/STM32F4xx_HAL_Driver/Src/stm32f4xx_hal_dma.o
                0x0800443c                HAL_DMA_IRQHandler
 .text.DMA_SetConfig
                0x08004750       0x5c ./Drivers/STM32F4xx_HAL_Driver/Src/stm32f4xx_hal_dma.o
 .text.DMA_CalcBaseAndBitshift
                0x080047ac       0x6c ./Drivers/STM32F4xx_HAL_Driver/Src/stm32f4xx_hal_dma.o
 .text.DMA_CheckFifoParam
                0x08004818       0xf8 ./Drivers/STM32F4xx_HAL_Driver/Src/stm32f4xx_hal_dma.o
 .text.HAL_GPIO_Init
                0x08004910      0x328 ./Drivers/STM32F4xx_HAL_Driver/Src/stm32f4xx_hal_gpio.o
                0x08004910                HAL_GPIO_Init
 .text.HAL_GPIO_WritePin
                0x08004c38       0x32 ./Drivers/STM32F4xx_HAL_Driver/Src/stm32f4xx_hal_gpio.o
                0x08004c38                HAL_GPIO_WritePin
 *fill*         0x08004c6a        0x2 
 .text.HAL_GPIO_EXTI_IRQHandler
                0x08004c6c       0x30 ./Drivers/STM32F4xx_HAL_Driver/Src/stm32f4xx_hal_gpio.o
                0x08004c6c                HAL_GPIO_EXTI_IRQHandler
 .text.HAL_GPIO_EXTI_Callback
                0x08004c9c       0x16 ./Drivers/STM32F4xx_HAL_Driver/Src/stm32f4xx_hal_gpio.o
                0x08004c9c                HAL_GPIO_EXTI_Callback
 *fill*         0x08004cb2        0x2 
 .text.HAL_I2C_Init
                0x08004cb4      0x288 ./Drivers/STM32F4xx_HAL_Driver/Src/stm32f4xx_hal_i2c.o
                0x08004cb4                HAL_I2C_Init
 .text.HAL_I2C_Mem_Read
                0x08004f3c      0x464 ./Drivers/STM32F4xx_HAL_Driver/Src/stm32f4xx_hal_i2c.o
                0x08004f3c                HAL_I2C_Mem_Read
 .text.HAL_I2C_GetState
                0x080053a0       0x1c ./Drivers/STM32F4xx_HAL_Driver/Src/stm32f4xx_hal_i2c.o
                0x080053a0                HAL_I2C_GetState
 .text.HAL_I2C_GetError
                0x080053bc       0x18 ./Drivers/STM32F4xx_HAL_Driver/Src/stm32f4xx_hal_i2c.o
                0x080053bc                HAL_I2C_GetError
 .text.I2C_RequestMemoryRead
                0x080053d4      0x1d0 ./Drivers/STM32F4xx_HAL_Driver/Src/stm32f4xx_hal_i2c.o
 .text.I2C_WaitOnFlagUntilTimeout
                0x080055a4       0xf4 ./Drivers/STM32F4xx_HAL_Driver/Src/stm32f4xx_hal_i2c.o
 .text.I2C_WaitOnMasterAddressFlagUntilTimeout
                0x08005698      0x140 ./Drivers/STM32F4xx_HAL_Driver/Src/stm32f4xx_hal_i2c.o
 .text.I2C_WaitOnTXEFlagUntilTimeout
                0x080057d8       0x90 ./Drivers/STM32F4xx_HAL_Driver/Src/stm32f4xx_hal_i2c.o
 .text.I2C_WaitOnRXNEFlagUntilTimeout
                0x08005868       0xba ./Drivers/STM32F4xx_HAL_Driver/Src/stm32f4xx_hal_i2c.o
 .text.I2C_IsAcknowledgeFailed
                0x08005922       0x5e ./Drivers/STM32F4xx_HAL_Driver/Src/stm32f4xx_hal_i2c.o
 .text.HAL_PWREx_EnableOverDrive
                0x08005980       0xa0 ./Drivers/STM32F4xx_HAL_Driver/Src/stm32f4xx_hal_pwr_ex.o
                0x08005980                HAL_PWREx_EnableOverDrive
 .text.HAL_RCC_ClockConfig
                0x08005a20      0x1cc ./Drivers/STM32F4xx_HAL_Driver/Src/stm32f4xx_hal_rcc.o
                0x08005a20                HAL_RCC_ClockConfig
 .text.HAL_RCC_GetHCLKFreq
                0x08005bec       0x18 ./Drivers/STM32F4xx_HAL_Driver/Src/stm32f4xx_hal_rcc.o
                0x08005bec                HAL_RCC_GetHCLKFreq
 .text.HAL_RCC_GetPCLK1Freq
                0x08005c04       0x28 ./Drivers/STM32F4xx_HAL_Driver/Src/stm32f4xx_hal_rcc.o
                0x08005c04                HAL_RCC_GetPCLK1Freq
 .text.HAL_RCC_GetPCLK2Freq
                0x08005c2c       0x28 ./Drivers/STM32F4xx_HAL_Driver/Src/stm32f4xx_hal_rcc.o
                0x08005c2c                HAL_RCC_GetPCLK2Freq
 .text.HAL_RCC_GetClockConfig
                0x08005c54       0x64 ./Drivers/STM32F4xx_HAL_Driver/Src/stm32f4xx_hal_rcc.o
                0x08005c54                HAL_RCC_GetClockConfig
 .text.HAL_RCC_GetSysClockFreq
                0x08005cb8      0x460 ./Drivers/STM32F4xx_HAL_Driver/Src/stm32f4xx_hal_rcc_ex.o
                0x08005cb8                HAL_RCC_GetSysClockFreq
 .text.HAL_RCC_OscConfig
                0x08006118      0x53c ./Drivers/STM32F4xx_HAL_Driver/Src/stm32f4xx_hal_rcc_ex.o
                0x08006118                HAL_RCC_OscConfig
 .text.HAL_TIM_Base_Init
                0x08006654       0x9e ./Drivers/STM32F4xx_HAL_Driver/Src/stm32f4xx_hal_tim.o
                0x08006654                HAL_TIM_Base_Init
 .text.HAL_TIM_Base_MspInit
                0x080066f2       0x14 ./Drivers/STM32F4xx_HAL_Driver/Src/stm32f4xx_hal_tim.o
                0x080066f2                HAL_TIM_Base_MspInit
 *fill*         0x08006706        0x2 
 .text.HAL_TIM_Base_Start_IT
                0x08006708       0xe0 ./Drivers/STM32F4xx_HAL_Driver/Src/stm32f4xx_hal_tim.o
                0x08006708                HAL_TIM_Base_Start_IT
 .text.HAL_TIM_PWM_Init
                0x080067e8       0x9e ./Drivers/STM32F4xx_HAL_Driver/Src/stm32f4xx_hal_tim.o
                0x080067e8                HAL_TIM_PWM_Init
 *fill*         0x08006886        0x2 
 .text.HAL_TIM_PWM_Start
                0x08006888      0x190 ./Drivers/STM32F4xx_HAL_Driver/Src/stm32f4xx_hal_tim.o
                0x08006888                HAL_TIM_PWM_Start
 .text.HAL_TIM_PWM_Stop
                0x08006a18       0xe0 ./Drivers/STM32F4xx_HAL_Driver/Src/stm32f4xx_hal_tim.o
                0x08006a18                HAL_TIM_PWM_Stop
 .text.HAL_TIM_PWM_Start_IT
                0x08006af8      0x22c ./Drivers/STM32F4xx_HAL_Driver/Src/stm32f4xx_hal_tim.o
                0x08006af8                HAL_TIM_PWM_Start_IT
 .text.HAL_TIM_PWM_Stop_IT
                0x08006d24      0x17c ./Drivers/STM32F4xx_HAL_Driver/Src/stm32f4xx_hal_tim.o
                0x08006d24                HAL_TIM_PWM_Stop_IT
 .text.HAL_TIM_IRQHandler
                0x08006ea0      0x1e0 ./Drivers/STM32F4xx_HAL_Driver/Src/stm32f4xx_hal_tim.o
                0x08006ea0                HAL_TIM_IRQHandler
 .text.HAL_TIM_PWM_ConfigChannel
                0x08007080      0x184 ./Drivers/STM32F4xx_HAL_Driver/Src/stm32f4xx_hal_tim.o
                0x08007080                HAL_TIM_PWM_ConfigChannel
 .text.HAL_TIM_OC_DelayElapsedCallback
                0x08007204       0x14 ./Drivers/STM32F4xx_HAL_Driver/Src/stm32f4xx_hal_tim.o
                0x08007204                HAL_TIM_OC_DelayElapsedCallback
 .text.HAL_TIM_IC_CaptureCallback
                0x08007218       0x14 ./Drivers/STM32F4xx_HAL_Driver/Src/stm32f4xx_hal_tim.o
                0x08007218                HAL_TIM_IC_CaptureCallback
 .text.HAL_TIM_TriggerCallback
                0x0800722c       0x14 ./Drivers/STM32F4xx_HAL_Driver/Src/stm32f4xx_hal_tim.o
                0x0800722c                HAL_TIM_TriggerCallback
 .text.TIM_Base_SetConfig
                0x08007240      0x14c ./Drivers/STM32F4xx_HAL_Driver/Src/stm32f4xx_hal_tim.o
                0x08007240                TIM_Base_SetConfig
 .text.TIM_OC1_SetConfig
                0x0800738c       0xe0 ./Drivers/STM32F4xx_HAL_Driver/Src/stm32f4xx_hal_tim.o
 .text.TIM_OC2_SetConfig
                0x0800746c       0xec ./Drivers/STM32F4xx_HAL_Driver/Src/stm32f4xx_hal_tim.o
                0x0800746c                TIM_OC2_SetConfig
 .text.TIM_OC3_SetConfig
                0x08007558       0xe8 ./Drivers/STM32F4xx_HAL_Driver/Src/stm32f4xx_hal_tim.o
 .text.TIM_OC4_SetConfig
                0x08007640       0xac ./Drivers/STM32F4xx_HAL_Driver/Src/stm32f4xx_hal_tim.o
 .text.TIM_CCxChannelCmd
                0x080076ec       0x4a ./Drivers/STM32F4xx_HAL_Driver/Src/stm32f4xx_hal_tim.o
                0x080076ec                TIM_CCxChannelCmd
 *fill*         0x08007736        0x2 
 .text.HAL_TIMEx_MasterConfigSynchronization
                0x08007738       0xf8 ./Drivers/STM32F4xx_HAL_Driver/Src/stm32f4xx_hal_tim_ex.o
                0x08007738                HAL_TIMEx_MasterConfigSynchronization
 .text.HAL_TIMEx_CommutCallback
                0x08007830       0x14 ./Drivers/STM32F4xx_HAL_Driver/Src/stm32f4xx_hal_tim_ex.o
                0x08007830                HAL_TIMEx_CommutCallback
 .text.HAL_TIMEx_BreakCallback
                0x08007844       0x14 ./Drivers/STM32F4xx_HAL_Driver/Src/stm32f4xx_hal_tim_ex.o
                0x08007844                HAL_TIMEx_BreakCallback
 .text.HAL_UART_Init
                0x08007858       0xa0 ./Drivers/STM32F4xx_HAL_Driver/Src/stm32f4xx_hal_uart.o
                0x08007858                HAL_UART_Init
 .text.HAL_UART_Transmit_DMA
                0x080078f8       0xf8 ./Drivers/STM32F4xx_HAL_Driver/Src/stm32f4xx_hal_uart.o
                0x080078f8                HAL_UART_Transmit_DMA
 .text.HAL_UARTEx_ReceiveToIdle_DMA
                0x080079f0       0xb2 ./Drivers/STM32F4xx_HAL_Driver/Src/stm32f4xx_hal_uart.o
                0x080079f0                HAL_UARTEx_ReceiveToIdle_DMA
 *fill*         0x08007aa2        0x2 
 .text.HAL_UART_IRQHandler
                0x08007aa4      0x554 ./Drivers/STM32F4xx_HAL_Driver/Src/stm32f4xx_hal_uart.o
                0x08007aa4                HAL_UART_IRQHandler
 .text.HAL_UART_TxHalfCpltCallback
                0x08007ff8       0x14 ./Drivers/STM32F4xx_HAL_Driver/Src/stm32f4xx_hal_uart.o
                0x08007ff8                HAL_UART_TxHalfCpltCallback
 .text.HAL_UART_RxCpltCallback
                0x0800800c       0x14 ./Drivers/STM32F4xx_HAL_Driver/Src/stm32f4xx_hal_uart.o
                0x0800800c                HAL_UART_RxCpltCallback
 .text.HAL_UART_RxHalfCpltCallback
                0x08008020       0x14 ./Drivers/STM32F4xx_HAL_Driver/Src/stm32f4xx_hal_uart.o
                0x08008020                HAL_UART_RxHalfCpltCallback
 .text.HAL_UART_ErrorCallback
                0x08008034       0x14 ./Drivers/STM32F4xx_HAL_Driver/Src/stm32f4xx_hal_uart.o
                0x08008034                HAL_UART_ErrorCallback
 .text.UART_DMATransmitCplt
                0x08008048       0x9a ./Drivers/STM32F4xx_HAL_Driver/Src/stm32f4xx_hal_uart.o
 .text.UART_DMATxHalfCplt
                0x080080e2       0x1c ./Drivers/STM32F4xx_HAL_Driver/Src/stm32f4xx_hal_uart.o
 .text.UART_DMAReceiveCplt
                0x080080fe      0x12c ./Drivers/STM32F4xx_HAL_Driver/Src/stm32f4xx_hal_uart.o
 .text.UART_DMARxHalfCplt
                0x0800822a       0x3c ./Drivers/STM32F4xx_HAL_Driver/Src/stm32f4xx_hal_uart.o
 .text.UART_DMAError
                0x08008266       0x94 ./Drivers/STM32F4xx_HAL_Driver/Src/stm32f4xx_hal_uart.o
 *fill*         0x080082fa        0x2 
 .text.UART_Start_Receive_DMA
                0x080082fc      0x14c ./Drivers/STM32F4xx_HAL_Driver/Src/stm32f4xx_hal_uart.o
                0x080082fc                UART_Start_Receive_DMA
 .text.UART_EndTxTransfer
                0x08008448       0x50 ./Drivers/STM32F4xx_HAL_Driver/Src/stm32f4xx_hal_uart.o
 .text.UART_EndRxTransfer
                0x08008498       0xc6 ./Drivers/STM32F4xx_HAL_Driver/Src/stm32f4xx_hal_uart.o
 .text.UART_DMAAbortOnError
                0x0800855e       0x22 ./Drivers/STM32F4xx_HAL_Driver/Src/stm32f4xx_hal_uart.o
 .text.UART_Transmit_IT
                0x08008580       0xa0 ./Drivers/STM32F4xx_HAL_Driver/Src/stm32f4xx_hal_uart.o
 .text.UART_EndTransmit_IT
                0x08008620       0x30 ./Drivers/STM32F4xx_HAL_Driver/Src/stm32f4xx_hal_uart.o
 .text.UART_Receive_IT
                0x08008650      0x17c ./Drivers/STM32F4xx_HAL_Driver/Src/stm32f4xx_hal_uart.o
 .text.UART_SetConfig
                0x080087cc      0x4e8 ./Drivers/STM32F4xx_HAL_Driver/Src/stm32f4xx_hal_uart.o
 .text.__NVIC_SetPriority
                0x08008cb4       0x54 ./Middlewares/Third_Party/FreeRTOS/Source/CMSIS_RTOS_V2/cmsis_os2.o
 .text.SysTick_Handler
                0x08008d08       0x20 ./Middlewares/Third_Party/FreeRTOS/Source/CMSIS_RTOS_V2/cmsis_os2.o
                0x08008d08                SysTick_Handler
 .text.SVC_Setup
                0x08008d28       0x12 ./Middlewares/Third_Party/FreeRTOS/Source/CMSIS_RTOS_V2/cmsis_os2.o
 *fill*         0x08008d3a        0x2 
 .text.osKernelInitialize
                0x08008d3c       0x48 ./Middlewares/Third_Party/FreeRTOS/Source/CMSIS_RTOS_V2/cmsis_os2.o
                0x08008d3c                osKernelInitialize
 .text.osKernelStart
                0x08008d84       0x4c ./Middlewares/Third_Party/FreeRTOS/Source/CMSIS_RTOS_V2/cmsis_os2.o
                0x08008d84                osKernelStart
 .text.osKernelGetTickCount
                0x08008dd0       0x2a ./Middlewares/Third_Party/FreeRTOS/Source/CMSIS_RTOS_V2/cmsis_os2.o
                0x08008dd0                osKernelGetTickCount
 .text.osThreadNew
                0x08008dfa      0x124 ./Middlewares/Third_Party/FreeRTOS/Source/CMSIS_RTOS_V2/cmsis_os2.o
                0x08008dfa                osThreadNew
 .text.osDelay  0x08008f1e       0x36 ./Middlewares/Third_Party/FreeRTOS/Source/CMSIS_RTOS_V2/cmsis_os2.o
                0x08008f1e                osDelay
 .text.osMessageQueueNew
                0x08008f54       0xe6 ./Middlewares/Third_Party/FreeRTOS/Source/CMSIS_RTOS_V2/cmsis_os2.o
                0x08008f54                osMessageQueueNew
 *fill*         0x0800903a        0x2 
 .text.osMessageQueuePut
                0x0800903c       0xc0 ./Middlewares/Third_Party/FreeRTOS/Source/CMSIS_RTOS_V2/cmsis_os2.o
                0x0800903c                osMessageQueuePut
 .text.osMessageQueueGet
                0x080090fc       0xbc ./Middlewares/Third_Party/FreeRTOS/Source/CMSIS_RTOS_V2/cmsis_os2.o
                0x080090fc                osMessageQueueGet
 .text.vApplicationGetIdleTaskMemory
                0x080091b8       0x34 ./Middlewares/Third_Party/FreeRTOS/Source/CMSIS_RTOS_V2/cmsis_os2.o
                0x080091b8                vApplicationGetIdleTaskMemory
 .text.vApplicationGetTimerTaskMemory
                0x080091ec       0x34 ./Middlewares/Third_Party/FreeRTOS/Source/CMSIS_RTOS_V2/cmsis_os2.o
                0x080091ec                vApplicationGetTimerTaskMemory
 .text.vListInitialise
                0x08009220       0x40 ./Middlewares/Third_Party/FreeRTOS/Source/list.o
                0x08009220                vListInitialise
 .text.vListInitialiseItem
                0x08009260       0x1a ./Middlewares/Third_Party/FreeRTOS/Source/list.o
                0x08009260                vListInitialiseItem
 .text.vListInsertEnd
                0x0800927a       0x48 ./Middlewares/Third_Party/FreeRTOS/Source/list.o
                0x0800927a                vListInsertEnd
 .text.vListInsert
                0x080092c2       0x72 ./Middlewares/Third_Party/FreeRTOS/Source/list.o
                0x080092c2                vListInsert
 .text.uxListRemove
                0x08009334       0x54 ./Middlewares/Third_Party/FreeRTOS/Source/list.o
                0x08009334                uxListRemove
 .text.xQueueGenericReset
                0x08009388       0xd4 ./Middlewares/Third_Party/FreeRTOS/Source/queue.o
                0x08009388                xQueueGenericReset
 .text.xQueueGenericCreateStatic
                0x0800945c       0xfa ./Middlewares/Third_Party/FreeRTOS/Source/queue.o
                0x0800945c                xQueueGenericCreateStatic
 .text.xQueueGenericCreate
                0x08009556       0x76 ./Middlewares/Third_Party/FreeRTOS/Source/queue.o
                0x08009556                xQueueGenericCreate
 .text.prvInitialiseNewQueue
                0x080095cc       0x46 ./Middlewares/Third_Party/FreeRTOS/Source/queue.o
 *fill*         0x08009612        0x2 
 .text.xQueueGenericSend
                0x08009614      0x204 ./Middlewares/Third_Party/FreeRTOS/Source/queue.o
                0x08009614                xQueueGenericSend
 .text.xQueueGenericSendFromISR
                0x08009818      0x13c ./Middlewares/Third_Party/FreeRTOS/Source/queue.o
                0x08009818                xQueueGenericSendFromISR
 .text.xQueueReceive
                0x08009954      0x1c4 ./Middlewares/Third_Party/FreeRTOS/Source/queue.o
                0x08009954                xQueueReceive
 .text.xQueueReceiveFromISR
                0x08009b18      0x104 ./Middlewares/Third_Party/FreeRTOS/Source/queue.o
                0x08009b18                xQueueReceiveFromISR
 .text.prvCopyDataToQueue
                0x08009c1c       0xd4 ./Middlewares/Third_Party/FreeRTOS/Source/queue.o
 .text.prvCopyDataFromQueue
                0x08009cf0       0x4c ./Middlewares/Third_Party/FreeRTOS/Source/queue.o
 .text.prvUnlockQueue
                0x08009d3c       0xa4 ./Middlewares/Third_Party/FreeRTOS/Source/queue.o
 .text.prvIsQueueEmpty
                0x08009de0       0x2c ./Middlewares/Third_Party/FreeRTOS/Source/queue.o
 .text.prvIsQueueFull
                0x08009e0c       0x30 ./Middlewares/Third_Party/FreeRTOS/Source/queue.o
 .text.vQueueAddToRegistry
                0x08009e3c       0x54 ./Middlewares/Third_Party/FreeRTOS/Source/queue.o
                0x08009e3c                vQueueAddToRegistry
 .text.vQueueWaitForMessageRestricted
                0x08009e90       0x68 ./Middlewares/Third_Party/FreeRTOS/Source/queue.o
                0x08009e90                vQueueWaitForMessageRestricted
 .text.xTaskCreateStatic
                0x08009ef8       0xc0 ./Middlewares/Third_Party/FreeRTOS/Source/tasks.o
                0x08009ef8                xTaskCreateStatic
 .text.xTaskCreate
                0x08009fb8       0x8a ./Middlewares/Third_Party/FreeRTOS/Source/tasks.o
                0x08009fb8                xTaskCreate
 .text.prvInitialiseNewTask
                0x0800a042      0x120 ./Middlewares/Third_Party/FreeRTOS/Source/tasks.o
 *fill*         0x0800a162        0x2 
 .text.prvAddNewTaskToReadyList
                0x0800a164       0xe0 ./Middlewares/Third_Party/FreeRTOS/Source/tasks.o
 .text.vTaskDelay
                0x0800a244       0x6c ./Middlewares/Third_Party/FreeRTOS/Source/tasks.o
                0x0800a244                vTaskDelay
 .text.vTaskStartScheduler
                0x0800a2b0       0xd0 ./Middlewares/Third_Party/FreeRTOS/Source/tasks.o
                0x0800a2b0                vTaskStartScheduler
 .text.vTaskSuspendAll
                0x0800a380       0x1c ./Middlewares/Third_Party/FreeRTOS/Source/tasks.o
                0x0800a380                vTaskSuspendAll
 .text.xTaskResumeAll
                0x0800a39c      0x13c ./Middlewares/Third_Party/FreeRTOS/Source/tasks.o
                0x0800a39c                xTaskResumeAll
 .text.xTaskGetTickCount
                0x0800a4d8       0x20 ./Middlewares/Third_Party/FreeRTOS/Source/tasks.o
                0x0800a4d8                xTaskGetTickCount
 .text.xTaskGetTickCountFromISR
                0x0800a4f8       0x24 ./Middlewares/Third_Party/FreeRTOS/Source/tasks.o
                0x0800a4f8                xTaskGetTickCountFromISR
 .text.xTaskIncrementTick
                0x0800a51c      0x174 ./Middlewares/Third_Party/FreeRTOS/Source/tasks.o
                0x0800a51c                xTaskIncrementTick
 .text.vTaskSwitchContext
                0x0800a690       0xbc ./Middlewares/Third_Party/FreeRTOS/Source/tasks.o
                0x0800a690                vTaskSwitchContext
 .text.vTaskPlaceOnEventList
                0x0800a74c       0x4c ./Middlewares/Third_Party/FreeRTOS/Source/tasks.o
                0x0800a74c                vTaskPlaceOnEventList
 .text.vTaskPlaceOnEventListRestricted
                0x0800a798       0x58 ./Middlewares/Third_Party/FreeRTOS/Source/tasks.o
                0x0800a798                vTaskPlaceOnEventListRestricted
 .text.xTaskRemoveFromEventList
                0x0800a7f0       0xc8 ./Middlewares/Third_Party/FreeRTOS/Source/tasks.o
                0x0800a7f0                xTaskRemoveFromEventList
 .text.vTaskInternalSetTimeOutState
                0x0800a8b8       0x2c ./Middlewares/Third_Party/FreeRTOS/Source/tasks.o
                0x0800a8b8                vTaskInternalSetTimeOutState
 .text.xTaskCheckForTimeOut
                0x0800a8e4       0xc8 ./Middlewares/Third_Party/FreeRTOS/Source/tasks.o
                0x0800a8e4                xTaskCheckForTimeOut
 .text.vTaskMissedYield
                0x0800a9ac       0x18 ./Middlewares/Third_Party/FreeRTOS/Source/tasks.o
                0x0800a9ac                vTaskMissedYield
 .text.prvIdleTask
                0x0800a9c4       0x30 ./Middlewares/Third_Party/FreeRTOS/Source/tasks.o
 .text.prvInitialiseTaskLists
                0x0800a9f4       0x80 ./Middlewares/Third_Party/FreeRTOS/Source/tasks.o
 .text.prvCheckTasksWaitingTermination
                0x0800aa74       0x5c ./Middlewares/Third_Party/FreeRTOS/Source/tasks.o
 .text.prvDeleteTCB
                0x0800aad0       0x60 ./Middlewares/Third_Party/FreeRTOS/Source/tasks.o
 .text.prvResetNextTaskUnblockTime
                0x0800ab30       0x40 ./Middlewares/Third_Party/FreeRTOS/Source/tasks.o
 .text.xTaskGetSchedulerState
                0x0800ab70       0x3c ./Middlewares/Third_Party/FreeRTOS/Source/tasks.o
                0x0800ab70                xTaskGetSchedulerState
 .text.xTaskPriorityDisinherit
                0x0800abac       0xe0 ./Middlewares/Third_Party/FreeRTOS/Source/tasks.o
                0x0800abac                xTaskPriorityDisinherit
 .text.prvAddCurrentTaskToDelayedList
                0x0800ac8c       0xa8 ./Middlewares/Third_Party/FreeRTOS/Source/tasks.o
 .text.xTimerCreateTimerTask
                0x0800ad34       0x94 ./Middlewares/Third_Party/FreeRTOS/Source/timers.o
                0x0800ad34                xTimerCreateTimerTask
 .text.xTimerGenericCommand
                0x0800adc8       0x9c ./Middlewares/Third_Party/FreeRTOS/Source/timers.o
                0x0800adc8                xTimerGenericCommand
 .text.prvProcessExpiredTimer
                0x0800ae64       0x9c ./Middlewares/Third_Party/FreeRTOS/Source/timers.o
 .text.prvTimerTask
                0x0800af00       0x26 ./Middlewares/Third_Party/FreeRTOS/Source/timers.o
 *fill*         0x0800af26        0x2 
 .text.prvProcessTimerOrBlockTask
                0x0800af28       0x9c ./Middlewares/Third_Party/FreeRTOS/Source/timers.o
 .text.prvGetNextExpireTime
                0x0800afc4       0x48 ./Middlewares/Third_Party/FreeRTOS/Source/timers.o
 .text.prvSampleTimeNow
                0x0800b00c       0x40 ./Middlewares/Third_Party/FreeRTOS/Source/timers.o
 .text.prvInsertTimerInActiveList
                0x0800b04c       0x84 ./Middlewares/Third_Party/FreeRTOS/Source/timers.o
 .text.prvProcessReceivedCommands
                0x0800b0d0      0x1cc ./Middlewares/Third_Party/FreeRTOS/Source/timers.o
 .text.prvSwitchTimerLists
                0x0800b29c       0xcc ./Middlewares/Third_Party/FreeRTOS/Source/timers.o
 .text.prvCheckForValidListAndQueue
                0x0800b368       0x80 ./Middlewares/Third_Party/FreeRTOS/Source/timers.o
 .text.pxPortInitialiseStack
                0x0800b3e8       0x68 ./Middlewares/Third_Party/FreeRTOS/Source/portable/GCC/ARM_CM4F/port.o
                0x0800b3e8                pxPortInitialiseStack
 .text.prvTaskExitError
                0x0800b450       0x5c ./Middlewares/Third_Party/FreeRTOS/Source/portable/GCC/ARM_CM4F/port.o
 *fill*         0x0800b4ac        0x4 
 .text.SVC_Handler
                0x0800b4b0       0x28 ./Middlewares/Third_Party/FreeRTOS/Source/portable/GCC/ARM_CM4F/port.o
                0x0800b4b0                SVC_Handler
 .text.prvPortStartFirstTask
                0x0800b4d8       0x28 ./Middlewares/Third_Party/FreeRTOS/Source/portable/GCC/ARM_CM4F/port.o
 .text.xPortStartScheduler
                0x0800b500      0x148 ./Middlewares/Third_Party/FreeRTOS/Source/portable/GCC/ARM_CM4F/port.o
                0x0800b500                xPortStartScheduler
 .text.vPortEnterCritical
                0x0800b648       0x64 ./Middlewares/Third_Party/FreeRTOS/Source/portable/GCC/ARM_CM4F/port.o
                0x0800b648                vPortEnterCritical
 .text.vPortExitCritical
                0x0800b6ac       0x54 ./Middlewares/Third_Party/FreeRTOS/Source/portable/GCC/ARM_CM4F/port.o
                0x0800b6ac                vPortExitCritical
 .text.PendSV_Handler
                0x0800b700       0x68 ./Middlewares/Third_Party/FreeRTOS/Source/portable/GCC/ARM_CM4F/port.o
                0x0800b700                PendSV_Handler
 .text.xPortSysTickHandler
                0x0800b768       0x44 ./Middlewares/Third_Party/FreeRTOS/Source/portable/GCC/ARM_CM4F/port.o
                0x0800b768                xPortSysTickHandler
 .text.vPortSetupTimerInterrupt
                0x0800b7ac       0x48 ./Middlewares/Third_Party/FreeRTOS/Source/portable/GCC/ARM_CM4F/port.o
                0x0800b7ac                vPortSetupTimerInterrupt
 .text.vPortEnableVFP
                0x0800b7f4       0x14 ./Middlewares/Third_Party/FreeRTOS/Source/portable/GCC/ARM_CM4F/port.o
 .text.vPortValidateInterruptPriority
                0x0800b808       0x84 ./Middlewares/Third_Party/FreeRTOS/Source/portable/GCC/ARM_CM4F/port.o
                0x0800b808                vPortValidateInterruptPriority
 .text.pvPortMalloc
                0x0800b88c      0x19c ./Middlewares/Third_Party/FreeRTOS/Source/portable/MemMang/heap_4.o
                0x0800b88c                pvPortMalloc
 .text.vPortFree
                0x0800ba28       0xc8 ./Middlewares/Third_Party/FreeRTOS/Source/portable/MemMang/heap_4.o
                0x0800ba28                vPortFree
 .text.prvHeapInit
                0x0800baf0       0xc4 ./Middlewares/Third_Party/FreeRTOS/Source/portable/MemMang/heap_4.o
 .text.prvInsertBlockIntoFreeList
                0x0800bbb4       0xb4 ./Middlewares/Third_Party/FreeRTOS/Source/portable/MemMang/heap_4.o
 .text.__cvt    0x0800bc68       0xca C:/ST/STM32CubeIDE_2.1.1/STM32CubeIDE/plugins/com.st.stm32cube.ide.mcu.externaltools.gnu-tools-for-stm32.14.3.rel1.win32_1.0.100.202602081740/tools/bin/../lib/gcc/arm-none-eabi/14.3.1/../../../../arm-none-eabi/lib/thumb/v7e-m+fp/hard\libc_nano.a(libc_a-nano-vfprintf_float.o)
                0x0800bc68                __cvt
 .text.__exponent
                0x0800bd32       0x74 C:/ST/STM32CubeIDE_2.1.1/STM32CubeIDE/plugins/com.st.stm32cube.ide.mcu.externaltools.gnu-tools-for-stm32.14.3.rel1.win32_1.0.100.202602081740/tools/bin/../lib/gcc/arm-none-eabi/14.3.1/../../../../arm-none-eabi/lib/thumb/v7e-m+fp/hard\libc_nano.a(libc_a-nano-vfprintf_float.o)
                0x0800bd32                __exponent
 *fill*         0x0800bda6        0x2 
 .text._printf_float
                0x0800bda8      0x450 C:/ST/STM32CubeIDE_2.1.1/STM32CubeIDE/plugins/com.st.stm32cube.ide.mcu.externaltools.gnu-tools-for-stm32.14.3.rel1.win32_1.0.100.202602081740/tools/bin/../lib/gcc/arm-none-eabi/14.3.1/../../../../arm-none-eabi/lib/thumb/v7e-m+fp/hard\libc_nano.a(libc_a-nano-vfprintf_float.o)
                0x0800bda8                _printf_float
 .text._printf_common
                0x0800c1f8       0xda C:/ST/STM32CubeIDE_2.1.1/STM32CubeIDE/plugins/com.st.stm32cube.ide.mcu.externaltools.gnu-tools-for-stm32.14.3.rel1.win32_1.0.100.202602081740/tools/bin/../lib/gcc/arm-none-eabi/14.3.1/../../../../arm-none-eabi/lib/thumb/v7e-m+fp/hard\libc_nano.a(libc_a-nano-vfprintf_i.o)
                0x0800c1f8                _printf_common
 *fill*         0x0800c2d2        0x2 
 .text._printf_i
                0x0800c2d4      0x24c C:/ST/STM32CubeIDE_2.1.1/STM32CubeIDE/plugins/com.st.stm32cube.ide.mcu.externaltools.gnu-tools-for-stm32.14.3.rel1.win32_1.0.100.202602081740/tools/bin/../lib/gcc/arm-none-eabi/14.3.1/../../../../arm-none-eabi/lib/thumb/v7e-m+fp/hard\libc_nano.a(libc_a-nano-vfprintf_i.o)
                0x0800c2d4                _printf_i
 .text.std      0x0800c520       0x6c C:/ST/STM32CubeIDE_2.1.1/STM32CubeIDE/plugins/com.st.stm32cube.ide.mcu.externaltools.gnu-tools-for-stm32.14.3.rel1.win32_1.0.100.202602081740/tools/bin/../lib/gcc/arm-none-eabi/14.3.1/../../../../arm-none-eabi/lib/thumb/v7e-m+fp/hard\libc_nano.a(libc_a-findfp.o)
 .text.stdio_exit_handler
                0x0800c58c       0x18 C:/ST/STM32CubeIDE_2.1.1/STM32CubeIDE/plugins/com.st.stm32cube.ide.mcu.externaltools.gnu-tools-for-stm32.14.3.rel1.win32_1.0.100.202602081740/tools/bin/../lib/gcc/arm-none-eabi/14.3.1/../../../../arm-none-eabi/lib/thumb/v7e-m+fp/hard\libc_nano.a(libc_a-findfp.o)
 .text.cleanup_stdio
                0x0800c5a4       0x40 C:/ST/STM32CubeIDE_2.1.1/STM32CubeIDE/plugins/com.st.stm32cube.ide.mcu.externaltools.gnu-tools-for-stm32.14.3.rel1.win32_1.0.100.202602081740/tools/bin/../lib/gcc/arm-none-eabi/14.3.1/../../../../arm-none-eabi/lib/thumb/v7e-m+fp/hard\libc_nano.a(libc_a-findfp.o)
 .text.global_stdio_init.part.0
                0x0800c5e4       0x40 C:/ST/STM32CubeIDE_2.1.1/STM32CubeIDE/plugins/com.st.stm32cube.ide.mcu.externaltools.gnu-tools-for-stm32.14.3.rel1.win32_1.0.100.202602081740/tools/bin/../lib/gcc/arm-none-eabi/14.3.1/../../../../arm-none-eabi/lib/thumb/v7e-m+fp/hard\libc_nano.a(libc_a-findfp.o)
 .text.__sfp_lock_acquire
                0x0800c624        0xc C:/ST/STM32CubeIDE_2.1.1/STM32CubeIDE/plugins/com.st.stm32cube.ide.mcu.externaltools.gnu-tools-for-stm32.14.3.rel1.win32_1.0.100.202602081740/tools/bin/../lib/gcc/arm-none-eabi/14.3.1/../../../../arm-none-eabi/lib/thumb/v7e-m+fp/hard\libc_nano.a(libc_a-findfp.o)
                0x0800c624                __sfp_lock_acquire
 .text.__sfp_lock_release
                0x0800c630        0xc C:/ST/STM32CubeIDE_2.1.1/STM32CubeIDE/plugins/com.st.stm32cube.ide.mcu.externaltools.gnu-tools-for-stm32.14.3.rel1.win32_1.0.100.202602081740/tools/bin/../lib/gcc/arm-none-eabi/14.3.1/../../../../arm-none-eabi/lib/thumb/v7e-m+fp/hard\libc_nano.a(libc_a-findfp.o)
                0x0800c630                __sfp_lock_release
 .text.__sinit  0x0800c63c       0x30 C:/ST/STM32CubeIDE_2.1.1/STM32CubeIDE/plugins/com.st.stm32cube.ide.mcu.externaltools.gnu-tools-for-stm32.14.3.rel1.win32_1.0.100.202602081740/tools/bin/../lib/gcc/arm-none-eabi/14.3.1/../../../../arm-none-eabi/lib/thumb/v7e-m+fp/hard\libc_nano.a(libc_a-findfp.o)
                0x0800c63c                __sinit
 .text._fwalk_sglue
                0x0800c66c       0x3c C:/ST/STM32CubeIDE_2.1.1/STM32CubeIDE/plugins/com.st.stm32cube.ide.mcu.externaltools.gnu-tools-for-stm32.14.3.rel1.win32_1.0.100.202602081740/tools/bin/../lib/gcc/arm-none-eabi/14.3.1/../../../../arm-none-eabi/lib/thumb/v7e-m+fp/hard\libc_nano.a(libc_a-fwalk.o)
                0x0800c66c                _fwalk_sglue
 .text.__sread  0x0800c6a8       0x22 C:/ST/STM32CubeIDE_2.1.1/STM32CubeIDE/plugins/com.st.stm32cube.ide.mcu.externaltools.gnu-tools-for-stm32.14.3.rel1.win32_1.0.100.202602081740/tools/bin/../lib/gcc/arm-none-eabi/14.3.1/../../../../arm-none-eabi/lib/thumb/v7e-m+fp/hard\libc_nano.a(libc_a-stdio.o)
                0x0800c6a8                __sread
 .text.__swrite
                0x0800c6ca       0x38 C:/ST/STM32CubeIDE_2.1.1/STM32CubeIDE/plugins/com.st.stm32cube.ide.mcu.externaltools.gnu-tools-for-stm32.14.3.rel1.win32_1.0.100.202602081740/tools/bin/../lib/gcc/arm-none-eabi/14.3.1/../../../../arm-none-eabi/lib/thumb/v7e-m+fp/hard\libc_nano.a(libc_a-stdio.o)
                0x0800c6ca                __swrite
 .text.__sseek  0x0800c702       0x26 C:/ST/STM32CubeIDE_2.1.1/STM32CubeIDE/plugins/com.st.stm32cube.ide.mcu.externaltools.gnu-tools-for-stm32.14.3.rel1.win32_1.0.100.202602081740/tools/bin/../lib/gcc/arm-none-eabi/14.3.1/../../../../arm-none-eabi/lib/thumb/v7e-m+fp/hard\libc_nano.a(libc_a-stdio.o)
                0x0800c702                __sseek
 .text.__sclose
                0x0800c728        0x8 C:/ST/STM32CubeIDE_2.1.1/STM32CubeIDE/plugins/com.st.stm32cube.ide.mcu.externaltools.gnu-tools-for-stm32.14.3.rel1.win32_1.0.100.202602081740/tools/bin/../lib/gcc/arm-none-eabi/14.3.1/../../../../arm-none-eabi/lib/thumb/v7e-m+fp/hard\libc_nano.a(libc_a-stdio.o)
                0x0800c728                __sclose
 .text.memset   0x0800c730       0x10 C:/ST/STM32CubeIDE_2.1.1/STM32CubeIDE/plugins/com.st.stm32cube.ide.mcu.externaltools.gnu-tools-for-stm32.14.3.rel1.win32_1.0.100.202602081740/tools/bin/../lib/gcc/arm-none-eabi/14.3.1/../../../../arm-none-eabi/lib/thumb/v7e-m+fp/hard\libc_nano.a(libc_a-memset.o)
                0x0800c730                memset
 .text._localeconv_r
                0x0800c740        0x8 C:/ST/STM32CubeIDE_2.1.1/STM32CubeIDE/plugins/com.st.stm32cube.ide.mcu.externaltools.gnu-tools-for-stm32.14.3.rel1.win32_1.0.100.202602081740/tools/bin/../lib/gcc/arm-none-eabi/14.3.1/../../../../arm-none-eabi/lib/thumb/v7e-m+fp/hard\libc_nano.a(libc_a-localeconv.o)
                0x0800c740                _localeconv_r
 .text._close_r
                0x0800c748       0x20 C:/ST/STM32CubeIDE_2.1.1/STM32CubeIDE/plugins/com.st.stm32cube.ide.mcu.externaltools.gnu-tools-for-stm32.14.3.rel1.win32_1.0.100.202602081740/tools/bin/../lib/gcc/arm-none-eabi/14.3.1/../../../../arm-none-eabi/lib/thumb/v7e-m+fp/hard\libc_nano.a(libc_a-closer.o)
                0x0800c748                _close_r
 .text._lseek_r
                0x0800c768       0x24 C:/ST/STM32CubeIDE_2.1.1/STM32CubeIDE/plugins/com.st.stm32cube.ide.mcu.externaltools.gnu-tools-for-stm32.14.3.rel1.win32_1.0.100.202602081740/tools/bin/../lib/gcc/arm-none-eabi/14.3.1/../../../../arm-none-eabi/lib/thumb/v7e-m+fp/hard\libc_nano.a(libc_a-lseekr.o)
                0x0800c768                _lseek_r
 .text._read_r  0x0800c78c       0x24 C:/ST/STM32CubeIDE_2.1.1/STM32CubeIDE/plugins/com.st.stm32cube.ide.mcu.externaltools.gnu-tools-for-stm32.14.3.rel1.win32_1.0.100.202602081740/tools/bin/../lib/gcc/arm-none-eabi/14.3.1/../../../../arm-none-eabi/lib/thumb/v7e-m+fp/hard\libc_nano.a(libc_a-readr.o)
                0x0800c78c                _read_r
 .text._write_r
                0x0800c7b0       0x24 C:/ST/STM32CubeIDE_2.1.1/STM32CubeIDE/plugins/com.st.stm32cube.ide.mcu.externaltools.gnu-tools-for-stm32.14.3.rel1.win32_1.0.100.202602081740/tools/bin/../lib/gcc/arm-none-eabi/14.3.1/../../../../arm-none-eabi/lib/thumb/v7e-m+fp/hard\libc_nano.a(libc_a-writer.o)
                0x0800c7b0                _write_r
 .text.__errno  0x0800c7d4        0xc C:/ST/STM32CubeIDE_2.1.1/STM32CubeIDE/plugins/com.st.stm32cube.ide.mcu.externaltools.gnu-tools-for-stm32.14.3.rel1.win32_1.0.100.202602081740/tools/bin/../lib/gcc/arm-none-eabi/14.3.1/../../../../arm-none-eabi/lib/thumb/v7e-m+fp/hard\libc_nano.a(libc_a-errno.o)
                0x0800c7d4                __errno
 .text.__libc_init_array
                0x0800c7e0       0x48 C:/ST/STM32CubeIDE_2.1.1/STM32CubeIDE/plugins/com.st.stm32cube.ide.mcu.externaltools.gnu-tools-for-stm32.14.3.rel1.win32_1.0.100.202602081740/tools/bin/../lib/gcc/arm-none-eabi/14.3.1/../../../../arm-none-eabi/lib/thumb/v7e-m+fp/hard\libc_nano.a(libc_a-init.o)
                0x0800c7e0                __libc_init_array
 .text.__retarget_lock_init_recursive
                0x0800c828        0x2 C:/ST/STM32CubeIDE_2.1.1/STM32CubeIDE/plugins/com.st.stm32cube.ide.mcu.externaltools.gnu-tools-for-stm32.14.3.rel1.win32_1.0.100.202602081740/tools/bin/../lib/gcc/arm-none-eabi/14.3.1/../../../../arm-none-eabi/lib/thumb/v7e-m+fp/hard\libc_nano.a(libc_a-lock.o)
                0x0800c828                __retarget_lock_init_recursive
 .text.__retarget_lock_acquire_recursive
                0x0800c82a        0x2 C:/ST/STM32CubeIDE_2.1.1/STM32CubeIDE/plugins/com.st.stm32cube.ide.mcu.externaltools.gnu-tools-for-stm32.14.3.rel1.win32_1.0.100.202602081740/tools/bin/../lib/gcc/arm-none-eabi/14.3.1/../../../../arm-none-eabi/lib/thumb/v7e-m+fp/hard\libc_nano.a(libc_a-lock.o)
                0x0800c82a                __retarget_lock_acquire_recursive
 .text.__retarget_lock_release_recursive
                0x0800c82c        0x2 C:/ST/STM32CubeIDE_2.1.1/STM32CubeIDE/plugins/com.st.stm32cube.ide.mcu.externaltools.gnu-tools-for-stm32.14.3.rel1.win32_1.0.100.202602081740/tools/bin/../lib/gcc/arm-none-eabi/14.3.1/../../../../arm-none-eabi/lib/thumb/v7e-m+fp/hard\libc_nano.a(libc_a-lock.o)
                0x0800c82c                __retarget_lock_release_recursive
 .text.memcpy   0x0800c82e       0x1c C:/ST/STM32CubeIDE_2.1.1/STM32CubeIDE/plugins/com.st.stm32cube.ide.mcu.externaltools.gnu-tools-for-stm32.14.3.rel1.win32_1.0.100.202602081740/tools/bin/../lib/gcc/arm-none-eabi/14.3.1/../../../../arm-none-eabi/lib/thumb/v7e-m+fp/hard\libc_nano.a(libc_a-memcpy-stub.o)
                0x0800c82e                memcpy
 .text.quorem   0x0800c84a      0x110 C:/ST/STM32CubeIDE_2.1.1/STM32CubeIDE/plugins/com.st.stm32cube.ide.mcu.externaltools.gnu-tools-for-stm32.14.3.rel1.win32_1.0.100.202602081740/tools/bin/../lib/gcc/arm-none-eabi/14.3.1/../../../../arm-none-eabi/lib/thumb/v7e-m+fp/hard\libc_nano.a(libc_a-dtoa.o)
 *fill*         0x0800c95a        0x6 
 .text._dtoa_r  0x0800c960      0xbb8 C:/ST/STM32CubeIDE_2.1.1/STM32CubeIDE/plugins/com.st.stm32cube.ide.mcu.externaltools.gnu-tools-for-stm32.14.3.rel1.win32_1.0.100.202602081740/tools/bin/../lib/gcc/arm-none-eabi/14.3.1/../../../../arm-none-eabi/lib/thumb/v7e-m+fp/hard\libc_nano.a(libc_a-dtoa.o)
                0x0800c960                _dtoa_r
 .text._free_r  0x0800d518       0x94 C:/ST/STM32CubeIDE_2.1.1/STM32CubeIDE/plugins/com.st.stm32cube.ide.mcu.externaltools.gnu-tools-for-stm32.14.3.rel1.win32_1.0.100.202602081740/tools/bin/../lib/gcc/arm-none-eabi/14.3.1/../../../../arm-none-eabi/lib/thumb/v7e-m+fp/hard\libc_nano.a(libc_a-freer.o)
                0x0800d518                _free_r
 .text.malloc   0x0800d5ac       0x10 C:/ST/STM32CubeIDE_2.1.1/STM32CubeIDE/plugins/com.st.stm32cube.ide.mcu.externaltools.gnu-tools-for-stm32.14.3.rel1.win32_1.0.100.202602081740/tools/bin/../lib/gcc/arm-none-eabi/14.3.1/../../../../arm-none-eabi/lib/thumb/v7e-m+fp/hard\libc_nano.a(libc_a-malloc.o)
                0x0800d5ac                malloc
 .text.sbrk_aligned
                0x0800d5bc       0x44 C:/ST/STM32CubeIDE_2.1.1/STM32CubeIDE/plugins/com.st.stm32cube.ide.mcu.externaltools.gnu-tools-for-stm32.14.3.rel1.win32_1.0.100.202602081740/tools/bin/../lib/gcc/arm-none-eabi/14.3.1/../../../../arm-none-eabi/lib/thumb/v7e-m+fp/hard\libc_nano.a(libc_a-mallocr.o)
 .text._malloc_r
                0x0800d600      0x100 C:/ST/STM32CubeIDE_2.1.1/STM32CubeIDE/plugins/com.st.stm32cube.ide.mcu.externaltools.gnu-tools-for-stm32.14.3.rel1.win32_1.0.100.202602081740/tools/bin/../lib/gcc/arm-none-eabi/14.3.1/../../../../arm-none-eabi/lib/thumb/v7e-m+fp/hard\libc_nano.a(libc_a-mallocr.o)
                0x0800d600                _malloc_r
 .text.__malloc_lock
                0x0800d700        0xc C:/ST/STM32CubeIDE_2.1.1/STM32CubeIDE/plugins/com.st.stm32cube.ide.mcu.externaltools.gnu-tools-for-stm32.14.3.rel1.win32_1.0.100.202602081740/tools/bin/../lib/gcc/arm-none-eabi/14.3.1/../../../../arm-none-eabi/lib/thumb/v7e-m+fp/hard\libc_nano.a(libc_a-mlock.o)
                0x0800d700                __malloc_lock
 .text.__malloc_unlock
                0x0800d70c        0xc C:/ST/STM32CubeIDE_2.1.1/STM32CubeIDE/plugins/com.st.stm32cube.ide.mcu.externaltools.gnu-tools-for-stm32.14.3.rel1.win32_1.0.100.202602081740/tools/bin/../lib/gcc/arm-none-eabi/14.3.1/../../../../arm-none-eabi/lib/thumb/v7e-m+fp/hard\libc_nano.a(libc_a-mlock.o)
                0x0800d70c                __malloc_unlock
 .text._Balloc  0x0800d718       0x7c C:/ST/STM32CubeIDE_2.1.1/STM32CubeIDE/plugins/com.st.stm32cube.ide.mcu.externaltools.gnu-tools-for-stm32.14.3.rel1.win32_1.0.100.202602081740/tools/bin/../lib/gcc/arm-none-eabi/14.3.1/../../../../arm-none-eabi/lib/thumb/v7e-m+fp/hard\libc_nano.a(libc_a-mprec.o)
                0x0800d718                _Balloc
 .text._Bfree   0x0800d794       0x44 C:/ST/STM32CubeIDE_2.1.1/STM32CubeIDE/plugins/com.st.stm32cube.ide.mcu.externaltools.gnu-tools-for-stm32.14.3.rel1.win32_1.0.100.202602081740/tools/bin/../lib/gcc/arm-none-eabi/14.3.1/../../../../arm-none-eabi/lib/thumb/v7e-m+fp/hard\libc_nano.a(libc_a-mprec.o)
                0x0800d794                _Bfree
 .text.__multadd
                0x0800d7d8       0x8c C:/ST/STM32CubeIDE_2.1.1/STM32CubeIDE/plugins/com.st.stm32cube.ide.mcu.externaltools.gnu-tools-for-stm32.14.3.rel1.win32_1.0.100.202602081740/tools/bin/../lib/gcc/arm-none-eabi/14.3.1/../../../../arm-none-eabi/lib/thumb/v7e-m+fp/hard\libc_nano.a(libc_a-mprec.o)
                0x0800d7d8                __multadd
 .text.__hi0bits
                0x0800d864       0x3e C:/ST/STM32CubeIDE_2.1.1/STM32CubeIDE/plugins/com.st.stm32cube.ide.mcu.externaltools.gnu-tools-for-stm32.14.3.rel1.win32_1.0.100.202602081740/tools/bin/../lib/gcc/arm-none-eabi/14.3.1/../../../../arm-none-eabi/lib/thumb/v7e-m+fp/hard\libc_nano.a(libc_a-mprec.o)
                0x0800d864                __hi0bits
 .text.__lo0bits
                0x0800d8a2       0x5a C:/ST/STM32CubeIDE_2.1.1/STM32CubeIDE/plugins/com.st.stm32cube.ide.mcu.externaltools.gnu-tools-for-stm32.14.3.rel1.win32_1.0.100.202602081740/tools/bin/../lib/gcc/arm-none-eabi/14.3.1/../../../../arm-none-eabi/lib/thumb/v7e-m+fp/hard\libc_nano.a(libc_a-mprec.o)
                0x0800d8a2                __lo0bits
 .text.__i2b    0x0800d8fc       0x2c C:/ST/STM32CubeIDE_2.1.1/STM32CubeIDE/plugins/com.st.stm32cube.ide.mcu.externaltools.gnu-tools-for-stm32.14.3.rel1.win32_1.0.100.202602081740/tools/bin/../lib/gcc/arm-none-eabi/14.3.1/../../../../arm-none-eabi/lib/thumb/v7e-m+fp/hard\libc_nano.a(libc_a-mprec.o)
                0x0800d8fc                __i2b
 .text.__multiply
                0x0800d928      0x154 C:/ST/STM32CubeIDE_2.1.1/STM32CubeIDE/plugins/com.st.stm32cube.ide.mcu.externaltools.gnu-tools-for-stm32.14.3.rel1.win32_1.0.100.202602081740/tools/bin/../lib/gcc/arm-none-eabi/14.3.1/../../../../arm-none-eabi/lib/thumb/v7e-m+fp/hard\libc_nano.a(libc_a-mprec.o)
                0x0800d928                __multiply
 .text.__pow5mult
                0x0800da7c       0xb8 C:/ST/STM32CubeIDE_2.1.1/STM32CubeIDE/plugins/com.st.stm32cube.ide.mcu.externaltools.gnu-tools-for-stm32.14.3.rel1.win32_1.0.100.202602081740/tools/bin/../lib/gcc/arm-none-eabi/14.3.1/../../../../arm-none-eabi/lib/thumb/v7e-m+fp/hard\libc_nano.a(libc_a-mprec.o)
                0x0800da7c                __pow5mult
 .text.__lshift
                0x0800db34       0xdc C:/ST/STM32CubeIDE_2.1.1/STM32CubeIDE/plugins/com.st.stm32cube.ide.mcu.externaltools.gnu-tools-for-stm32.14.3.rel1.win32_1.0.100.202602081740/tools/bin/../lib/gcc/arm-none-eabi/14.3.1/../../../../arm-none-eabi/lib/thumb/v7e-m+fp/hard\libc_nano.a(libc_a-mprec.o)
                0x0800db34                __lshift
 .text.__mcmp   0x0800dc10       0x36 C:/ST/STM32CubeIDE_2.1.1/STM32CubeIDE/plugins/com.st.stm32cube.ide.mcu.externaltools.gnu-tools-for-stm32.14.3.rel1.win32_1.0.100.202602081740/tools/bin/../lib/gcc/arm-none-eabi/14.3.1/../../../../arm-none-eabi/lib/thumb/v7e-m+fp/hard\libc_nano.a(libc_a-mprec.o)
                0x0800dc10                __mcmp
 *fill*         0x0800dc46        0x2 
 .text.__mdiff  0x0800dc48      0x130 C:/ST/STM32CubeIDE_2.1.1/STM32CubeIDE/plugins/com.st.stm32cube.ide.mcu.externaltools.gnu-tools-for-stm32.14.3.rel1.win32_1.0.100.202602081740/tools/bin/../lib/gcc/arm-none-eabi/14.3.1/../../../../arm-none-eabi/lib/thumb/v7e-m+fp/hard\libc_nano.a(libc_a-mprec.o)
                0x0800dc48                __mdiff
 .text.__d2b    0x0800dd78       0xb0 C:/ST/STM32CubeIDE_2.1.1/STM32CubeIDE/plugins/com.st.stm32cube.ide.mcu.externaltools.gnu-tools-for-stm32.14.3.rel1.win32_1.0.100.202602081740/tools/bin/../lib/gcc/arm-none-eabi/14.3.1/../../../../arm-none-eabi/lib/thumb/v7e-m+fp/hard\libc_nano.a(libc_a-mprec.o)
                0x0800dd78                __d2b
 .text.__sflush_r
                0x0800de28      0x104 C:/ST/STM32CubeIDE_2.1.1/STM32CubeIDE/plugins/com.st.stm32cube.ide.mcu.externaltools.gnu-tools-for-stm32.14.3.rel1.win32_1.0.100.202602081740/tools/bin/../lib/gcc/arm-none-eabi/14.3.1/../../../../arm-none-eabi/lib/thumb/v7e-m+fp/hard\libc_nano.a(libc_a-fflush.o)
                0x0800de28                __sflush_r
 .text._fflush_r
                0x0800df2c       0x50 C:/ST/STM32CubeIDE_2.1.1/STM32CubeIDE/plugins/com.st.stm32cube.ide.mcu.externaltools.gnu-tools-for-stm32.14.3.rel1.win32_1.0.100.202602081740/tools/bin/../lib/gcc/arm-none-eabi/14.3.1/../../../../arm-none-eabi/lib/thumb/v7e-m+fp/hard\libc_nano.a(libc_a-fflush.o)
                0x0800df2c                _fflush_r
 .text._sbrk_r  0x0800df7c       0x20 C:/ST/STM32CubeIDE_2.1.1/STM32CubeIDE/plugins/com.st.stm32cube.ide.mcu.externaltools.gnu-tools-for-stm32.14.3.rel1.win32_1.0.100.202602081740/tools/bin/../lib/gcc/arm-none-eabi/14.3.1/../../../../arm-none-eabi/lib/thumb/v7e-m+fp/hard\libc_nano.a(libc_a-sbrkr.o)
                0x0800df7c                _sbrk_r
 .text.__assert_func
                0x0800df9c       0x3c C:/ST/STM32CubeIDE_2.1.1/STM32CubeIDE/plugins/com.st.stm32cube.ide.mcu.externaltools.gnu-tools-for-stm32.14.3.rel1.win32_1.0.100.202602081740/tools/bin/../lib/gcc/arm-none-eabi/14.3.1/../../../../arm-none-eabi/lib/thumb/v7e-m+fp/hard\libc_nano.a(libc_a-assert.o)
                0x0800df9c                __assert_func
 .text._calloc_r
                0x0800dfd8       0x28 C:/ST/STM32CubeIDE_2.1.1/STM32CubeIDE/plugins/com.st.stm32cube.ide.mcu.externaltools.gnu-tools-for-stm32.14.3.rel1.win32_1.0.100.202602081740/tools/bin/../lib/gcc/arm-none-eabi/14.3.1/../../../../arm-none-eabi/lib/thumb/v7e-m+fp/hard\libc_nano.a(libc_a-callocr.o)
                0x0800dfd8                _calloc_r
 .text.__ascii_mbtowc
                0x0800e000       0x24 C:/ST/STM32CubeIDE_2.1.1/STM32CubeIDE/plugins/com.st.stm32cube.ide.mcu.externaltools.gnu-tools-for-stm32.14.3.rel1.win32_1.0.100.202602081740/tools/bin/../lib/gcc/arm-none-eabi/14.3.1/../../../../arm-none-eabi/lib/thumb/v7e-m+fp/hard\libc_nano.a(libc_a-mbtowc_r.o)
                0x0800e000                __ascii_mbtowc
 .text.__ascii_wctomb
                0x0800e024       0x1a C:/ST/STM32CubeIDE_2.1.1/STM32CubeIDE/plugins/com.st.stm32cube.ide.mcu.externaltools.gnu-tools-for-stm32.14.3.rel1.win32_1.0.100.202602081740/tools/bin/../lib/gcc/arm-none-eabi/14.3.1/../../../../arm-none-eabi/lib/thumb/v7e-m+fp/hard\libc_nano.a(libc_a-wctomb_r.o)
                0x0800e024                __ascii_wctomb
 *fill*         0x0800e03e        0x2 
 .text.fprintf  0x0800e040       0x24 C:/ST/STM32CubeIDE_2.1.1/STM32CubeIDE/plugins/com.st.stm32cube.ide.mcu.externaltools.gnu-tools-for-stm32.14.3.rel1.win32_1.0.100.202602081740/tools/bin/../lib/gcc/arm-none-eabi/14.3.1/../../../../arm-none-eabi/lib/thumb/v7e-m+fp/hard\libc_nano.a(libc_a-fprintf.o)
                0x0800e040                fiprintf
                0x0800e040                fprintf
 .text.abort    0x0800e064        0xe C:/ST/STM32CubeIDE_2.1.1/STM32CubeIDE/plugins/com.st.stm32cube.ide.mcu.externaltools.gnu-tools-for-stm32.14.3.rel1.win32_1.0.100.202602081740/tools/bin/../lib/gcc/arm-none-eabi/14.3.1/../../../../arm-none-eabi/lib/thumb/v7e-m+fp/hard\libc_nano.a(libc_a-abort.o)
                0x0800e064                abort
 .text.__sfputc_r
                0x0800e072       0x2e C:/ST/STM32CubeIDE_2.1.1/STM32CubeIDE/plugins/com.st.stm32cube.ide.mcu.externaltools.gnu-tools-for-stm32.14.3.rel1.win32_1.0.100.202602081740/tools/bin/../lib/gcc/arm-none-eabi/14.3.1/../../../../arm-none-eabi/lib/thumb/v7e-m+fp/hard\libc_nano.a(libc_a-nano-vfprintf.o)
 .text.__sfputs_r
                0x0800e0a0       0x24 C:/ST/STM32CubeIDE_2.1.1/STM32CubeIDE/plugins/com.st.stm32cube.ide.mcu.externaltools.gnu-tools-for-stm32.14.3.rel1.win32_1.0.100.202602081740/tools/bin/../lib/gcc/arm-none-eabi/14.3.1/../../../../arm-none-eabi/lib/thumb/v7e-m+fp/hard\libc_nano.a(libc_a-nano-vfprintf.o)
                0x0800e0a0                __sfputs_r
 .text._vfprintf_r
                0x0800e0c4      0x228 C:/ST/STM32CubeIDE_2.1.1/STM32CubeIDE/plugins/com.st.stm32cube.ide.mcu.externaltools.gnu-tools-for-stm32.14.3.rel1.win32_1.0.100.202602081740/tools/bin/../lib/gcc/arm-none-eabi/14.3.1/../../../../arm-none-eabi/lib/thumb/v7e-m+fp/hard\libc_nano.a(libc_a-nano-vfprintf.o)
                0x0800e0c4                _vfprintf_r
                0x0800e0c4                _vfiprintf_r
 .text.__swbuf_r
                0x0800e2ec       0x7c C:/ST/STM32CubeIDE_2.1.1/STM32CubeIDE/plugins/com.st.stm32cube.ide.mcu.externaltools.gnu-tools-for-stm32.14.3.rel1.win32_1.0.100.202602081740/tools/bin/../lib/gcc/arm-none-eabi/14.3.1/../../../../arm-none-eabi/lib/thumb/v7e-m+fp/hard\libc_nano.a(libc_a-wbuf.o)
                0x0800e2ec                __swbuf_r
 .text.__swsetup_r
                0x0800e368       0xa8 C:/ST/STM32CubeIDE_2.1.1/STM32CubeIDE/plugins/com.st.stm32cube.ide.mcu.externaltools.gnu-tools-for-stm32.14.3.rel1.win32_1.0.100.202602081740/tools/bin/../lib/gcc/arm-none-eabi/14.3.1/../../../../arm-none-eabi/lib/thumb/v7e-m+fp/hard\libc_nano.a(libc_a-wsetup.o)
                0x0800e368                __swsetup_r
 .text._raise_r
                0x0800e410       0x50 C:/ST/STM32CubeIDE_2.1.1/STM32CubeIDE/plugins/com.st.stm32cube.ide.mcu.externaltools.gnu-tools-for-stm32.14.3.rel1.win32_1.0.100.202602081740/tools/bin/../lib/gcc/arm-none-eabi/14.3.1/../../../../arm-none-eabi/lib/thumb/v7e-m+fp/hard\libc_nano.a(libc_a-signal.o)
                0x0800e410                _raise_r
 .text.raise    0x0800e460       0x10 C:/ST/STM32CubeIDE_2.1.1/STM32CubeIDE/plugins/com.st.stm32cube.ide.mcu.externaltools.gnu-tools-for-stm32.14.3.rel1.win32_1.0.100.202602081740/tools/bin/../lib/gcc/arm-none-eabi/14.3.1/../../../../arm-none-eabi/lib/thumb/v7e-m+fp/hard\libc_nano.a(libc_a-signal.o)
                0x0800e460                raise
 .text._kill_r  0x0800e470       0x24 C:/ST/STM32CubeIDE_2.1.1/STM32CubeIDE/plugins/com.st.stm32cube.ide.mcu.externaltools.gnu-tools-for-stm32.14.3.rel1.win32_1.0.100.202602081740/tools/bin/../lib/gcc/arm-none-eabi/14.3.1/../../../../arm-none-eabi/lib/thumb/v7e-m+fp/hard\libc_nano.a(libc_a-signalr.o)
                0x0800e470                _kill_r
 .text._getpid_r
                0x0800e494        0x4 C:/ST/STM32CubeIDE_2.1.1/STM32CubeIDE/plugins/com.st.stm32cube.ide.mcu.externaltools.gnu-tools-for-stm32.14.3.rel1.win32_1.0.100.202602081740/tools/bin/../lib/gcc/arm-none-eabi/14.3.1/../../../../arm-none-eabi/lib/thumb/v7e-m+fp/hard\libc_nano.a(libc_a-signalr.o)
                0x0800e494                _getpid_r
 .text.__swhatbuf_r
                0x0800e498       0x48 C:/ST/STM32CubeIDE_2.1.1/STM32CubeIDE/plugins/com.st.stm32cube.ide.mcu.externaltools.gnu-tools-for-stm32.14.3.rel1.win32_1.0.100.202602081740/tools/bin/../lib/gcc/arm-none-eabi/14.3.1/../../../../arm-none-eabi/lib/thumb/v7e-m+fp/hard\libc_nano.a(libc_a-makebuf.o)
                0x0800e498                __swhatbuf_r
 .text.__smakebuf_r
                0x0800e4e0       0x72 C:/ST/STM32CubeIDE_2.1.1/STM32CubeIDE/plugins/com.st.stm32cube.ide.mcu.externaltools.gnu-tools-for-stm32.14.3.rel1.win32_1.0.100.202602081740/tools/bin/../lib/gcc/arm-none-eabi/14.3.1/../../../../arm-none-eabi/lib/thumb/v7e-m+fp/hard\libc_nano.a(libc_a-makebuf.o)
                0x0800e4e0                __smakebuf_r
 *fill*         0x0800e552        0x2 
 .text._fstat_r
                0x0800e554       0x24 C:/ST/STM32CubeIDE_2.1.1/STM32CubeIDE/plugins/com.st.stm32cube.ide.mcu.externaltools.gnu-tools-for-stm32.14.3.rel1.win32_1.0.100.202602081740/tools/bin/../lib/gcc/arm-none-eabi/14.3.1/../../../../arm-none-eabi/lib/thumb/v7e-m+fp/hard\libc_nano.a(libc_a-fstatr.o)
                0x0800e554                _fstat_r
 .text._isatty_r
                0x0800e578       0x20 C:/ST/STM32CubeIDE_2.1.1/STM32CubeIDE/plugins/com.st.stm32cube.ide.mcu.externaltools.gnu-tools-for-stm32.14.3.rel1.win32_1.0.100.202602081740/tools/bin/../lib/gcc/arm-none-eabi/14.3.1/../../../../arm-none-eabi/lib/thumb/v7e-m+fp/hard\libc_nano.a(libc_a-isattyr.o)
                0x0800e578                _isatty_r
 *(.glue_7)
 .glue_7        0x0800e598        0x0 linker stubs
 *(.glue_7t)
 .glue_7t       0x0800e598        0x0 linker stubs
 *(.eh_frame)
 .eh_frame      0x0800e598        0x0 C:/ST/STM32CubeIDE_2.1.1/STM32CubeIDE/plugins/com.st.stm32cube.ide.mcu.externaltools.gnu-tools-for-stm32.14.3.rel1.win32_1.0.100.202602081740/tools/bin/../lib/gcc/arm-none-eabi/14.3.1/thumb/v7e-m+fp/hard/crtbegin.o
 *(.init)
 .init          0x0800e598        0x4 C:/ST/STM32CubeIDE_2.1.1/STM32CubeIDE/plugins/com.st.stm32cube.ide.mcu.externaltools.gnu-tools-for-stm32.14.3.rel1.win32_1.0.100.202602081740/tools/bin/../lib/gcc/arm-none-eabi/14.3.1/thumb/v7e-m+fp/hard/crti.o
                0x0800e598                _init
 .init          0x0800e59c        0x8 C:/ST/STM32CubeIDE_2.1.1/STM32CubeIDE/plugins/com.st.stm32cube.ide.mcu.externaltools.gnu-tools-for-stm32.14.3.rel1.win32_1.0.100.202602081740/tools/bin/../lib/gcc/arm-none-eabi/14.3.1/thumb/v7e-m+fp/hard/crtn.o
 *(.fini)
 .fini          0x0800e5a4        0x4 C:/ST/STM32CubeIDE_2.1.1/STM32CubeIDE/plugins/com.st.stm32cube.ide.mcu.externaltools.gnu-tools-for-stm32.14.3.rel1.win32_1.0.100.202602081740/tools/bin/../lib/gcc/arm-none-eabi/14.3.1/thumb/v7e-m+fp/hard/crti.o
                0x0800e5a4                _fini
 .fini          0x0800e5a8        0x8 C:/ST/STM32CubeIDE_2.1.1/STM32CubeIDE/plugins/com.st.stm32cube.ide.mcu.externaltools.gnu-tools-for-stm32.14.3.rel1.win32_1.0.100.202602081740/tools/bin/../lib/gcc/arm-none-eabi/14.3.1/thumb/v7e-m+fp/hard/crtn.o
                0x0800e5b0                        . = ALIGN (0x4)
                0x0800e5b0                        _etext = .

.vfp11_veneer   0x0800e5b0        0x0
 .vfp11_veneer  0x0800e5b0        0x0 linker stubs

.v4_bx          0x0800e5b0        0x0
 .v4_bx         0x0800e5b0        0x0 linker stubs

.iplt           0x0800e5b0        0x0
 .iplt          0x0800e5b0        0x0 C:/ST/STM32CubeIDE_2.1.1/STM32CubeIDE/plugins/com.st.stm32cube.ide.mcu.externaltools.gnu-tools-for-stm32.14.3.rel1.win32_1.0.100.202602081740/tools/bin/../lib/gcc/arm-none-eabi/14.3.1/thumb/v7e-m+fp/hard/crtbegin.o

.rodata         0x0800e5b0      0x514
                0x0800e5b0                        . = ALIGN (0x4)
 *(.rodata)
 .rodata        0x0800e5b0       0x78 ./Core/Src/freertos.o
 .rodata        0x0800e628        0x5 ./Middlewares/Third_Party/FreeRTOS/Source/tasks.o
 *fill*         0x0800e62d        0x3 
 .rodata        0x0800e630        0xd ./Middlewares/Third_Party/FreeRTOS/Source/timers.o
 *(.rodata*)
 *fill*         0x0800e63d        0x3 
 .rodata.communicationTask_attributes
                0x0800e640       0x24 ./Core/Src/freertos.o
                0x0800e640                communicationTask_attributes
 .rodata.motorTask_attributes
                0x0800e664       0x24 ./Core/Src/freertos.o
                0x0800e664                motorTask_attributes
 .rodata.encoderTask_attributes
                0x0800e688       0x24 ./Core/Src/freertos.o
                0x0800e688                encoderTask_attributes
 .rodata.motorCommandQueue_attributes
                0x0800e6ac       0x18 ./Core/Src/freertos.o
                0x0800e6ac                motorCommandQueue_attributes
 .rodata.motorStatusQueue_attributes
                0x0800e6c4       0x18 ./Core/Src/freertos.o
                0x0800e6c4                motorStatusQueue_attributes
 .rodata.uartRxQueue_attributes
                0x0800e6dc       0x18 ./Core/Src/freertos.o
                0x0800e6dc                uartRxQueue_attributes
 .rodata.uartTxQueue_attributes
                0x0800e6f4       0x18 ./Core/Src/freertos.o
                0x0800e6f4                uartTxQueue_attributes
 .rodata.DefaultTask_attributes
                0x0800e70c       0x24 ./Core/Src/freertos.o
                0x0800e70c                DefaultTask_attributes
 .rodata.AHBPrescTable
                0x0800e730       0x10 ./Core/Src/system_stm32f4xx.o
                0x0800e730                AHBPrescTable
 .rodata.APBPrescTable
                0x0800e740        0x8 ./Core/Src/system_stm32f4xx.o
                0x0800e740                APBPrescTable
 .rodata.flagBitshiftOffset.0
                0x0800e748        0x8 ./Drivers/STM32F4xx_HAL_Driver/Src/stm32f4xx_hal_dma.o
 .rodata._printf_float.str1.1
                0x0800e750      0x171 C:/ST/STM32CubeIDE_2.1.1/STM32CubeIDE/plugins/com.st.stm32cube.ide.mcu.externaltools.gnu-tools-for-stm32.14.3.rel1.win32_1.0.100.202602081740/tools/bin/../lib/gcc/arm-none-eabi/14.3.1/../../../../arm-none-eabi/lib/thumb/v7e-m+fp/hard\libc_nano.a(libc_a-nano-vfprintf_float.o)
                                 0x12 (size before relaxing)
 .rodata._printf_i.str1.1
                0x0800e8c1       0x22 C:/ST/STM32CubeIDE_2.1.1/STM32CubeIDE/plugins/com.st.stm32cube.ide.mcu.externaltools.gnu-tools-for-stm32.14.3.rel1.win32_1.0.100.202602081740/tools/bin/../lib/gcc/arm-none-eabi/14.3.1/../../../../arm-none-eabi/lib/thumb/v7e-m+fp/hard\libc_nano.a(libc_a-nano-vfprintf_i.o)
 .rodata._dtoa_r.str1.1
                0x0800e8c1       0x8f C:/ST/STM32CubeIDE_2.1.1/STM32CubeIDE/plugins/com.st.stm32cube.ide.mcu.externaltools.gnu-tools-for-stm32.14.3.rel1.win32_1.0.100.202602081740/tools/bin/../lib/gcc/arm-none-eabi/14.3.1/../../../../arm-none-eabi/lib/thumb/v7e-m+fp/hard\libc_nano.a(libc_a-dtoa.o)
 .rodata._Balloc.str1.1
                0x0800e8c1       0x70 C:/ST/STM32CubeIDE_2.1.1/STM32CubeIDE/plugins/com.st.stm32cube.ide.mcu.externaltools.gnu-tools-for-stm32.14.3.rel1.win32_1.0.100.202602081740/tools/bin/../lib/gcc/arm-none-eabi/14.3.1/../../../../arm-none-eabi/lib/thumb/v7e-m+fp/hard\libc_nano.a(libc_a-mprec.o)
 .rodata.__multadd.str1.1
                0x0800e8c1       0x11 C:/ST/STM32CubeIDE_2.1.1/STM32CubeIDE/plugins/com.st.stm32cube.ide.mcu.externaltools.gnu-tools-for-stm32.14.3.rel1.win32_1.0.100.202602081740/tools/bin/../lib/gcc/arm-none-eabi/14.3.1/../../../../arm-none-eabi/lib/thumb/v7e-m+fp/hard\libc_nano.a(libc_a-mprec.o)
 *fill*         0x0800e8c1        0x3 
 .rodata.p05.0  0x0800e8c4        0xc C:/ST/STM32CubeIDE_2.1.1/STM32CubeIDE/plugins/com.st.stm32cube.ide.mcu.externaltools.gnu-tools-for-stm32.14.3.rel1.win32_1.0.100.202602081740/tools/bin/../lib/gcc/arm-none-eabi/14.3.1/../../../../arm-none-eabi/lib/thumb/v7e-m+fp/hard\libc_nano.a(libc_a-mprec.o)
 .rodata.__mprec_bigtens
                0x0800e8d0       0x28 C:/ST/STM32CubeIDE_2.1.1/STM32CubeIDE/plugins/com.st.stm32cube.ide.mcu.externaltools.gnu-tools-for-stm32.14.3.rel1.win32_1.0.100.202602081740/tools/bin/../lib/gcc/arm-none-eabi/14.3.1/../../../../arm-none-eabi/lib/thumb/v7e-m+fp/hard\libc_nano.a(libc_a-mprec.o)
                0x0800e8d0                __mprec_bigtens
 .rodata.__mprec_tens
                0x0800e8f8       0xc8 C:/ST/STM32CubeIDE_2.1.1/STM32CubeIDE/plugins/com.st.stm32cube.ide.mcu.externaltools.gnu-tools-for-stm32.14.3.rel1.win32_1.0.100.202602081740/tools/bin/../lib/gcc/arm-none-eabi/14.3.1/../../../../arm-none-eabi/lib/thumb/v7e-m+fp/hard\libc_nano.a(libc_a-mprec.o)
                0x0800e8f8                __mprec_tens
 .rodata._setlocale_r.str1.1
                0x0800e9c0        0x9 C:/ST/STM32CubeIDE_2.1.1/STM32CubeIDE/plugins/com.st.stm32cube.ide.mcu.externaltools.gnu-tools-for-stm32.14.3.rel1.win32_1.0.100.202602081740/tools/bin/../lib/gcc/arm-none-eabi/14.3.1/../../../../arm-none-eabi/lib/thumb/v7e-m+fp/hard\libc_nano.a(libc_a-locale.o)
 .rodata.str1.1
                0x0800e9c0        0x2 C:/ST/STM32CubeIDE_2.1.1/STM32CubeIDE/plugins/com.st.stm32cube.ide.mcu.externaltools.gnu-tools-for-stm32.14.3.rel1.win32_1.0.100.202602081740/tools/bin/../lib/gcc/arm-none-eabi/14.3.1/../../../../arm-none-eabi/lib/thumb/v7e-m+fp/hard\libc_nano.a(libc_a-locale.o)
 .rodata.__assert_func.str1.1
                0x0800e9c0       0x3d C:/ST/STM32CubeIDE_2.1.1/STM32CubeIDE/plugins/com.st.stm32cube.ide.mcu.externaltools.gnu-tools-for-stm32.14.3.rel1.win32_1.0.100.202602081740/tools/bin/../lib/gcc/arm-none-eabi/14.3.1/../../../../arm-none-eabi/lib/thumb/v7e-m+fp/hard\libc_nano.a(libc_a-assert.o)
 .rodata._ctype_
                0x0800e9c0      0x101 C:/ST/STM32CubeIDE_2.1.1/STM32CubeIDE/plugins/com.st.stm32cube.ide.mcu.externaltools.gnu-tools-for-stm32.14.3.rel1.win32_1.0.100.202602081740/tools/bin/../lib/gcc/arm-none-eabi/14.3.1/../../../../arm-none-eabi/lib/thumb/v7e-m+fp/hard\libc_nano.a(libc_a-ctype_.o)
                0x0800e9c0                _ctype_
 .rodata._vfprintf_r.str1.1
                0x0800eac1       0x11 C:/ST/STM32CubeIDE_2.1.1/STM32CubeIDE/plugins/com.st.stm32cube.ide.mcu.externaltools.gnu-tools-for-stm32.14.3.rel1.win32_1.0.100.202602081740/tools/bin/../lib/gcc/arm-none-eabi/14.3.1/../../../../arm-none-eabi/lib/thumb/v7e-m+fp/hard\libc_nano.a(libc_a-nano-vfprintf.o)
                0x0800ead4                        . = ALIGN (0x4)
 *fill*         0x0800eac1        0x3 

.ARM.extab      0x0800eac4        0x0
                0x0800eac4                        . = ALIGN (0x4)
 *(.ARM.extab* .gnu.linkonce.armextab.*)
                0x0800eac4                        . = ALIGN (0x4)

.ARM            0x0800eac4        0x8
                0x0800eac4                        . = ALIGN (0x4)
                0x0800eac4                        __exidx_start = .
 *(.ARM.exidx*)
 .ARM.exidx     0x0800eac4        0x8 C:/ST/STM32CubeIDE_2.1.1/STM32CubeIDE/plugins/com.st.stm32cube.ide.mcu.externaltools.gnu-tools-for-stm32.14.3.rel1.win32_1.0.100.202602081740/tools/bin/../lib/gcc/arm-none-eabi/14.3.1/../../../../arm-none-eabi/lib/thumb/v7e-m+fp/hard\libc_nano.a(libc_a-memchr.o)
 .ARM.exidx     0x0800eacc        0x0 C:/ST/STM32CubeIDE_2.1.1/STM32CubeIDE/plugins/com.st.stm32cube.ide.mcu.externaltools.gnu-tools-for-stm32.14.3.rel1.win32_1.0.100.202602081740/tools/bin/../lib/gcc/arm-none-eabi/14.3.1/../../../../arm-none-eabi/lib/thumb/v7e-m+fp/hard\libc_nano.a(libc_a-strlen.o)
                                  0x8 (size before relaxing)
 .ARM.exidx     0x0800eacc        0x0 C:/ST/STM32CubeIDE_2.1.1/STM32CubeIDE/plugins/com.st.stm32cube.ide.mcu.externaltools.gnu-tools-for-stm32.14.3.rel1.win32_1.0.100.202602081740/tools/bin/../lib/gcc/arm-none-eabi/14.3.1/thumb/v7e-m+fp/hard\libgcc.a(_udivmoddi4.o)