../Core/Src/motorTask.c:73:6:HAL_GPIO_EXTI_Callback	16	static
../Core/Src/motorTask.c:90:14:Motor_AbsFloat	16	static
../Core/Src/motorTask.c:100:16:Motor_GetStableTheta1Angle	40	static
../Core/Src/motorTask.c:184:16:Motor_CorrectTheta1Position	24	static
../Core/Src/motorTask.c:283:16:Motor_IsEncoderReady	4	static
../Core/Src/motorTask.c:293:16:Motor_Init	8	static
../Core/Src/motorTask.c:319:16:Motor_IsAngleInRange	16	static
../Core/Src/motorTask.c:337:13:Motor_ReportError	24	static
../Core/Src/motorTask.c:353:13:Motor_EnterSafeStop	24	static
../Core/Src/motorTask.c:382:13:Motor_ReportCommandDone	24	static
../Core/Src/motorTask.c:395:16:Motor_CheckTarget	16	static
../Core/Src/motorTask.c:419:6:Motor_GetCommandedAngles	24	static
../Core/Src/motorTask.c:438:6:StartMotorTask	88	static
