../Core/Src/motorTask.c:75:6:HAL_GPIO_EXTI_Callback	16	static
../Core/Src/motorTask.c:88:14:Motor_AbsFloat	16	static
../Core/Src/motorTask.c:98:16:Motor_GetStableTheta1Angle	40	static
../Core/Src/motorTask.c:182:16:Motor_CorrectTheta1Position	24	static
../Core/Src/motorTask.c:331:16:Motor_IsEncoderReady	4	static
../Core/Src/motorTask.c:341:16:Motor_Init	8	static
../Core/Src/motorTask.c:367:16:Motor_IsAngleInRange	16	static
../Core/Src/motorTask.c:385:13:Motor_ReportError	24	static
../Core/Src/motorTask.c:401:13:Motor_EnterSafeStop	24	static
../Core/Src/motorTask.c:430:16:Motor_HandleEstopRequest	8	static
../Core/Src/motorTask.c:446:16:Motor_HandleCommLostRequest	8	static
../Core/Src/motorTask.c:463:13:Motor_ReportCommandDone	24	static
../Core/Src/motorTask.c:476:16:Motor_CheckTarget	16	static
../Core/Src/motorTask.c:500:6:Motor_GetCommandedAngles	24	static
../Core/Src/motorTask.c:519:6:StartMotorTask	104	static
