../Core/Src/stepper.c:50:13:Stepper_SetDirection	24	static
../Core/Src/stepper.c:68:6:Stepper_Enable	8	static
../Core/Src/stepper.c:73:6:Stepper_Disable	8	static
../Core/Src/stepper.c:78:10:Stepper_AngleToSteps	24	static
../Core/Src/stepper.c:96:6:Stepper_HandlePulseFinished	8	static
../Core/Src/stepper.c:118:17:Stepper_MoveRelative	32	static
../Core/Src/stepper.c:176:6:HAL_TIM_PWM_PulseFinishedCallback	16	static
../Core/Src/stepper.c:185:6:Stepper_Init	8	static
../Core/Src/stepper.c:200:9:Stepper_IsBusy	4	static
../Core/Src/stepper.c:205:10:Stepper_GetCurrentStepCount	4	static
../Core/Src/stepper.c:210:10:Stepper_GetTargetStepCount	4	static
