../Core/Src/stepper.c:50:13:Stepper_SetDirection	24	static
../Core/Src/stepper.c:68:6:Stepper_Enable	8	static
../Core/Src/stepper.c:73:6:Stepper_Disable	8	static
../Core/Src/stepper.c:78:10:Stepper_AngleToSteps	24	static
../Core/Src/stepper.c:96:6:Stepper_HandlePulseFinished	8	static
../Core/Src/stepper.c:120:17:Stepper_MoveRelative	32	static
../Core/Src/stepper.c:180:6:HAL_TIM_PWM_PulseFinishedCallback	16	static
../Core/Src/stepper.c:189:6:Stepper_Init	8	static
../Core/Src/stepper.c:198:9:Stepper_IsBusy	4	static
../Core/Src/stepper.c:203:10:Stepper_GetCurrentStepCount	4	static
../Core/Src/stepper.c:208:10:Stepper_GetTargetStepCount	4	static
